[10:53:48] [daily] 启动
[10:53:48] 每日预测守护进程启动
[10:53:48] [强制模式] 忽略时间依赖，按序执行...
[10:53:48] [00:30] 加载概念缓存...
[10:53:49]   概念行情 22320 行, 成分股 382513 行 ✓
[10:53:49] [面板] 开始构建...
[11:11:53] [daily] 启动
[11:11:53] 每日预测守护进程启动
[11:11:53] [强制模式] 忽略时间节点，按序执行后退出
[11:11:53] [00:30] 加载概念缓存...
[11:11:54]   概念行情 22320 行, 成分股 382513 行 ✓
[11:11:54] [09:26] 开始早盘评分流程...
[11:11:59] [09:26+] 早盘评分完成 ✓
[11:11:59] [强制模式] 全部完成
[11:12:04] [daily] 启动
[11:12:04] 每日预测守护进程启动
[11:13:18] [daily] 启动
[11:13:18] 每日预测守护进程启动
[11:13:18] [强制模式] 忽略时间节点，按序执行后退出
[11:13:18] [00:30] 加载概念缓存...
[11:13:19]   概念行情 22320 行, 成分股 382513 行 ✓
[11:13:19] [09:26] 开始早盘评分流程...
[11:13:22] [09:26+] 早盘评分完成 ✓
[11:13:22] [强制模式] 全部完成
[11:31:55] [daily] 启动
[11:31:55] 每日预测守护进程启动
[11:31:55] [强制模式] 忽略时间节点，按序执行后退出
[11:31:55] [00:30] 加载概念缓存...
[11:31:55]   概念行情 22320 行, 成分股 382513 行 ✓
[11:31:55] [09:26] 开始早盘评分流程...
[11:31:58] [09:26+] 早盘评分完成 ✓
[11:31:58] [强制模式] 全部完成
[11:43:27] 收到信号 15，关闭中...
[11:43:35] [daily] 启动
[11:43:35] 每日预测守护进程启动
[11:43:42] 收到信号 15，关闭中...
[11:44:07] [daily] 启动
[11:44:07] 每日预测守护进程启动
[11:44:16] 收到信号 15，关闭中...
[11:44:58] [daily] 启动
[11:44:58] 每日预测守护进程启动
[11:49:23] [daily] 启动
[11:49:23] 每日预测守护进程启动
[11:49:23] [强制模式] 忽略时间节点，按序执行后退出
[11:49:23] [00:30] 加载概念缓存...
[11:49:24]   概念行情 22320 行, 成分股 382513 行 ✓
[11:49:24] [00:30+] 开始构建面板...
[11:59:23] 收到信号 15，关闭中...
[11:59:23] ⚠️ 面板构建异常，退出码 -15（耗时 600s）
[11:59:23] [09:26] 开始早盘评分流程...
[11:59:47] 收到信号 15，关闭中...
[12:02:11] [daily] 启动
[12:02:11] 每日预测守护进程启动
[12:02:11] [强制模式] 忽略时间节点，按序执行后退出
[12:02:11] [00:30] 加载概念缓存...
[12:02:11]   概念行情 22320 行, 成分股 382513 行 ✓
[12:02:11] [00:30+] 开始构建面板...
[12:15:59]   [panel] [panel] 特征构建完成: 4988/4988 只, 358s
[12:15:59]   [panel] [panel] 策略分计算完成: 4988只, 220s
[12:15:59]   [panel] ⚠ max_step: 零值率 98.2%
[12:15:59]   [panel] ⚠ was_limit: 零值率 98.2%
[12:15:59]   [panel] ⚠ id_vwap_dev: 零值率 97.0%
[12:15:59]   [panel] ⚠ id_range: 零值率 96.9%
[12:15:59]   [panel] ⚠ id_amount_ratio: 零值率 96.9%
[12:15:59]   [panel] [panel] 面板已保存: /root/maneki-agent/wiki/raw/limit-up/panel/20260730.parquet (4988只, 70列)
[12:15:59]   [panel] [QC] 报告已保存: /root/maneki-agent/wiki/raw/limit-up/panel/20260730_qc.json
[12:15:59]   [panel] [panel] 预评: 4988只→≥35分=238只已保存
[12:15:59]   面板构建完成 ✓ 20260730.parquet (1562KB, 828s)
[12:15:59] [09:26] 开始早盘评分流程...
[12:16:02] [09:26+] 早盘评分完成 ✓
[12:16:02] [强制模式] 全部完成
[12:16:12] [daily] 启动
[12:16:12] 每日预测守护进程启动
[00:30:13] [00:30] 加载概念缓存...
[00:30:13]   概念行情 22320 行, 成分股 382513 行 ✓
[00:31:43] [00:30] 加载概念缓存...
[00:31:43]   概念行情 22320 行, 成分股 382513 行 ✓
[00:33:13] [00:30] 加载概念缓存...
[00:33:13]   概念行情 22320 行, 成分股 382513 行 ✓
[00:34:43] [00:30] 加载概念缓存...
[00:34:43]   概念行情 22320 行, 成分股 382513 行 ✓
[00:36:13] [00:30] 加载概念缓存...
[00:36:14]   概念行情 22320 行, 成分股 382513 行 ✓
[00:37:44] [00:30] 加载概念缓存...
[00:37:44]   概念行情 22320 行, 成分股 382513 行 ✓
[00:39:14] [00:30] 加载概念缓存...
[00:39:14]   概念行情 22320 行, 成分股 382513 行 ✓
[00:40:44] [00:30] 加载概念缓存...
[00:40:44]   概念行情 22320 行, 成分股 382513 行 ✓
[00:42:14] [00:30] 加载概念缓存...
[00:42:14]   概念行情 22320 行, 成分股 382513 行 ✓
[00:43:44] [00:30] 加载概念缓存...
[00:43:44]   概念行情 22320 行, 成分股 382513 行 ✓
[00:45:14] [00:30] 加载概念缓存...
[00:45:14]   概念行情 22320 行, 成分股 382513 行 ✓
[00:46:44] [00:30] 加载概念缓存...
[00:46:44]   概念行情 22320 行, 成分股 382513 行 ✓
[00:48:14] [00:30] 加载概念缓存...
[00:48:14]   概念行情 22320 行, 成分股 382513 行 ✓
[00:49:44] [00:30] 加载概念缓存...
[00:49:44]   概念行情 22320 行, 成分股 382513 行 ✓
[00:51:14] [00:30] 加载概念缓存...
[00:51:14]   概念行情 22320 行, 成分股 382513 行 ✓
[00:52:44] [00:30] 加载概念缓存...
[00:52:44]   概念行情 22320 行, 成分股 382513 行 ✓
[00:54:14] [00:30] 加载概念缓存...
[00:54:14]   概念行情 22320 行, 成分股 382513 行 ✓
[00:55:44] [00:30] 加载概念缓存...
[00:55:44]   概念行情 22320 行, 成分股 382513 行 ✓
[00:57:14] [00:30] 加载概念缓存...
[00:57:14]   概念行情 22320 行, 成分股 382513 行 ✓
[00:58:44] [00:30] 加载概念缓存...
[00:58:44]   概念行情 22320 行, 成分股 382513 行 ✓
[09:53:35] 收到信号 15，关闭中...
[09:54:14] [daily] 启动
[09:54:14] 每日预测守护进程启动
[09:54:30] [daily] 启动
[09:54:30] 每日预测守护进程启动
[09:54:30] [强制模式] 忽略时间节点，按序执行后退出
[09:54:30] [00:30] 加载概念缓存...
[09:54:30]   概念行情 22320 行, 成分股 382513 行 ✓
[09:54:30] [00:30+] 开始构建面板...
[10:07:48]   [panel] [panel] 特征构建完成: 4993/4993 只, 345s
[10:07:48]   [panel] [panel] 策略分计算完成: 4993只, 229s
[10:07:48]   [panel] ⚠ max_step: 零值率 98.8%
[10:07:48]   [panel] ⚠ was_limit: 零值率 98.8%
[10:07:48]   [panel] ⚠ id_vwap_dev: 零值率 96.9%
[10:07:48]   [panel] ⚠ id_range: 零值率 96.8%
[10:07:48]   [panel] ⚠ id_amount_ratio: 零值率 96.8%
[10:07:48]   [panel] [panel] 面板已保存: /root/maneki-agent/wiki/raw/limit-up/panel/20260731.parquet (4993只, 70列)
[10:07:48]   [panel] [QC] 报告已保存: /root/maneki-agent/wiki/raw/limit-up/panel/20260731_qc.json
[10:07:48]   [panel] [panel] 预评: 4993只→≥35分=111只已保存
[10:07:48]   面板构建完成 ✓ 20260731.parquet (1576KB, 798s)
[10:07:48] [09:26] 开始早盘评分流程...
[10:07:51] [09:26+] 早盘评分完成 ✓
[10:07:51] [强制模式] 全部完成
[10:37:11] 收到信号 15，关闭中...
[10:37:15] [daily] 启动
[10:37:15] 每日预测守护进程启动
[19:17:31] 收到信号 15，关闭中...
[19:18:41] [daily] 启动
[19:18:41] 每日预测守护进程启动
[19:18:57] 收到信号 15，关闭中...
[19:20:15] [daily] 启动
[19:20:15] 每日预测守护进程启动
[00:30:17] [00:30] 加载概念缓存...
[00:30:17]   概念行情 24364 行, 成分股 55429 行 ✓
[00:31:17] [00:30+] 开始构建面板...
[00:39:24]   [panel] [panel] 特征构建完成: 4993/4993 只, 66s
[00:39:24]   [panel] [panel] 策略分计算完成: 4993只, 194s
[00:39:24]   [panel] ⚠ max_step: 零值率 95.8%
[00:39:24]   [panel] ⚠ was_limit: 零值率 95.8%
[00:39:24]   [panel] ⚠ id_vwap_dev: 零值率 97.1%
[00:39:24]   [panel] ⚠ id_range: 零值率 96.8%
[00:39:24]   [panel] ⚠ id_amount_ratio: 零值率 96.8%
[00:39:24]   [panel] [panel] 面板已保存: /root/maneki-agent/wiki/raw/limit-up/panel/20260803.parquet (4993只, 70列)
[00:39:24]   [panel] [QC] 报告已保存: /root/maneki-agent/wiki/raw/limit-up/panel/20260803_qc.json
[00:39:24]   [panel] [panel] 预评: 4993只→≥35分=125只已保存
[00:39:24]   面板构建完成 ✓ 20260803.parquet (1545KB, 487s)
[09:26:24] [09:26] 开始早盘评分流程...
[09:36:29] [09:26+] 早盘评分完成 ✓
[10:05:14] [daily] 启动
[10:05:14] 每日预测守护进程启动
[10:12:47] [daily] 启动
[10:12:47] 每日预测守护进程启动
[00:30:19] [00:30] 加载概念缓存...
[00:30:19]   概念行情 24364 行, 成分股 55429 行 ✓
[00:31:19] [00:30+] 开始构建面板...
[00:39:31]   [panel] [panel] 特征构建完成: 4992/4992 只, 70s
[00:39:31]   [panel] [panel] 策略分计算完成: 4992只, 197s
[00:39:31]   [panel] ⚠ max_step: 零值率 98.1%
[00:39:31]   [panel] ⚠ was_limit: 零值率 98.1%
[00:39:31]   [panel] ⚠ vol_accel: 零值率 100.0%
[00:39:31]   [panel] ⚠ id_vwap_dev: 零值率 100.0%
[00:39:31]   [panel] ⚠ id_range: 零值率 100.0%
[00:39:31]   [panel] [panel] 面板已保存: /root/maneki-agent/wiki/raw/limit-up/panel/20260804.parquet (4992只, 70列)
[00:39:31]   [panel] [QC] 报告已保存: /root/maneki-agent/wiki/raw/limit-up/panel/20260804_qc.json
[00:39:31]   [panel] [panel] 预评: 4992只→≥35分=26只已保存
[00:39:31]   面板构建完成 ✓ 20260804.parquet (1490KB, 492s)
[09:26:01] [09:26] 开始早盘评分流程...
[09:36:04] [09:26+] 早盘评分完成 ✓
[09:51:57] [daily] 启动
[09:51:57] 每日预测守护进程启动
[10:15:39] 收到信号 15，关闭中...
[10:16:28] [daily] 启动
[10:16:28] 每日预测守护进程启动
[23:15:50] 收到信号 15，关闭中...
[23:15:59] [daily] 启动
[23:15:59] 每日预测守护进程启动
[00:30:01] [00:30] 加载概念缓存...
[00:30:01]   概念行情 24364 行, 成分股 55429 行 ✓
[00:31:01] [00:30+] 开始构建面板...
[00:39:06]   [panel] [panel] 特征构建完成: 4993/4993 只, 68s
[00:39:06]   [panel] [panel] 策略分计算完成: 4993只, 197s
[00:39:06]   [panel] ⚠ max_step: 零值率 95.2%
[00:39:06]   [panel] ⚠ was_limit: 零值率 95.2%
[00:39:06]   [panel] ⚠ id_vwap_dev: 零值率 100.0%
[00:39:06]   [panel] ⚠ id_range: 零值率 100.0%
[00:39:06]   [panel] ⚠ id_amount_ratio: 零值率 100.0%
[00:39:06]   [panel] [panel] 面板已保存: /root/maneki-agent/wiki/raw/limit-up/panel/20260805.parquet (4993只, 70列)
[00:39:06]   [panel] [QC] 报告已保存: /root/maneki-agent/wiki/raw/limit-up/panel/20260805_qc.json
[00:39:06]   [panel] [panel] 预评: 4993只→≥35分=39只已保存
[00:39:06]   面板构建完成 ✓ 20260805.parquet (1523KB, 485s)
[09:26:06] [09:26] 开始早盘评分流程...
[09:27:08] [09:26+] 早盘评分完成 ✓
[00:30:08] [00:30] 加载概念缓存...
[00:30:08]   概念行情 24364 行, 成分股 55429 行 ✓
[00:31:08] [00:30+] 开始构建面板...
[00:46:39] [daily] 启动
[00:46:39] 每日预测守护进程启动
[00:46:40] [00:30] 加载概念缓存...
[00:46:40]   概念行情 24364 行, 成分股 55429 行 ✓
[00:47:40] [00:30+] 开始构建面板...
[00:55:34]   [panel] [panel] 特征构建完成: 4995/4995 只, 62s
[00:55:34]   [panel] [panel] 策略分计算完成: 4995只, 194s
[00:55:34]   [panel] ⚠ max_step: 零值率 96.4%
[00:55:34]   [panel] ⚠ was_limit: 零值率 96.4%
[00:55:34]   [panel] ⚠ id_vwap_dev: 零值率 100.0%
[00:55:34]   [panel] ⚠ id_range: 零值率 100.0%
[00:55:34]   [panel] ⚠ id_amount_ratio: 零值率 100.0%
[00:55:34]   [panel] [panel] 面板已保存: /root/maneki-agent/wiki/raw/limit-up/panel/20260806.parquet (4995只, 70列)
[00:55:34]   [panel] [QC] 报告已保存: /root/maneki-agent/wiki/raw/limit-up/panel/20260806_qc.json
[00:55:34]   [panel] [panel] 预评: 4995只→≥35分=21只已保存
[00:55:34]   面板构建完成 ✓ 20260806.parquet (1525KB, 473s)
[09:26:04] [09:26] 开始早盘评分流程...
[09:27:08] [09:26+] 早盘评分完成 ✓
[00:30:09] [00:30] 加载概念缓存...
[00:30:09]   概念行情 24364 行, 成分股 55429 行 ✓
[00:31:09] [00:30+] 开始构建面板...
[00:46:39] [daily] 启动
[00:46:39] 每日预测守护进程启动
[00:46:40] [00:30] 加载概念缓存...
[00:46:41]   概念行情 24364 行, 成分股 55429 行 ✓
[00:47:41] [00:30+] 开始构建面板...
[00:55:34]   [panel] [panel] 特征构建完成: 4997/4997 只, 67s
[00:55:34]   [panel] [panel] 策略分计算完成: 4997只, 195s
[00:55:34]   [panel] ⚠ max_step: 零值率 97.9%
[00:55:34]   [panel] ⚠ was_limit: 零值率 97.9%
[00:55:34]   [panel] ⚠ id_vwap_dev: 零值率 100.0%
[00:55:34]   [panel] ⚠ id_range: 零值率 100.0%
[00:55:34]   [panel] ⚠ id_amount_ratio: 零值率 100.0%
[00:55:34]   [panel] [panel] 面板已保存: /root/maneki-agent/wiki/raw/limit-up/panel/20260807.parquet (4997只, 70列)
[00:55:34]   [panel] [QC] 报告已保存: /root/maneki-agent/wiki/raw/limit-up/panel/20260807_qc.json
[00:55:34]   [panel] [panel] 预评: 4997只→≥35分=26只已保存
[00:55:34]   面板构建完成 ✓ 20260807.parquet (1535KB, 473s)
[09:26:04] [09:26] 开始早盘评分流程...
[09:27:08] [09:26+] 早盘评分完成 ✓
[00:30:09] [00:30] 加载概念缓存...
[00:30:09]   概念行情 24364 行, 成分股 55429 行 ✓
[00:31:09] [00:30+] 开始构建面板...
[00:46:39] [daily] 启动
[00:46:39] 每日预测守护进程启动
[00:46:40] [00:30] 加载概念缓存...
[00:46:41]   概念行情 24364 行, 成分股 55429 行 ✓
[00:47:41] [00:30+] 开始构建面板...
[00:55:37]   [panel] [panel] 特征构建完成: 4999/4999 只, 67s
[00:55:37]   [panel] [panel] 策略分计算完成: 4999只, 195s
[00:55:37]   [panel] ⚠ max_step: 零值率 97.1%
[00:55:37]   [panel] ⚠ was_limit: 零值率 97.1%
[00:55:37]   [panel] ⚠ id_vwap_dev: 零值率 100.0%
[00:55:37]   [panel] ⚠ id_range: 零值率 100.0%
[00:55:37]   [panel] ⚠ id_amount_ratio: 零值率 100.0%
[00:55:37]   [panel] [panel] 面板已保存: /root/maneki-agent/wiki/raw/limit-up/panel/20260810.parquet (4999只, 70列)
[00:55:37]   [panel] [QC] 报告已保存: /root/maneki-agent/wiki/raw/limit-up/panel/20260810_qc.json
[00:55:37]   [panel] [panel] 预评: 4999只→≥35分=29只已保存
[00:55:37]   面板构建完成 ✓ 20260810.parquet (1544KB, 476s)
[09:26:07] [09:26] 开始早盘评分流程...
[09:27:11] [09:26+] 早盘评分完成 ✓
[00:30:12] [00:30] 加载概念缓存...
[00:30:12]   概念行情 24364 行, 成分股 55429 行 ✓
[00:31:12] [00:30+] 开始构建面板...
[00:46:42] [daily] 启动
[00:46:42] 每日预测守护进程启动
[00:46:43] [00:30] 加载概念缓存...
[00:46:44]   概念行情 24364 行, 成分股 55429 行 ✓
[00:47:44] [00:30+] 开始构建面板...
[00:55:43]   [panel] [panel] 特征构建完成: 5001/5001 只, 71s
[00:55:43]   [panel] [panel] 策略分计算完成: 5001只, 194s
[00:55:43]   [panel] ⚠ max_step: 零值率 97.6%
[00:55:43]   [panel] ⚠ was_limit: 零值率 97.6%
[00:55:43]   [panel] ⚠ id_vwap_dev: 零值率 100.0%
[00:55:43]   [panel] ⚠ id_range: 零值率 100.0%
[00:55:43]   [panel] ⚠ id_amount_ratio: 零值率 100.0%
[00:55:43]   [panel] [panel] 面板已保存: /root/maneki-agent/wiki/raw/limit-up/panel/20260811.parquet (5001只, 70列)
[00:55:43]   [panel] [QC] 报告已保存: /root/maneki-agent/wiki/raw/limit-up/panel/20260811_qc.json
[00:55:43]   [panel] [panel] 预评: 5001只→≥35分=26只已保存
[00:55:43]   面板构建完成 ✓ 20260811.parquet (1541KB, 479s)
[09:26:13] [09:26] 开始早盘评分流程...
[09:27:15] [09:26+] 早盘评分完成 ✓
[21:18:00] 收到信号 15，关闭中...
[21:18:15] [daily] 启动
[21:18:15] 每日预测守护进程启动
[00:30:17] [00:30] 加载概念缓存...
[00:30:17]   概念行情 24364 行, 成分股 55429 行 ✓
[00:31:17] [00:30+] 开始构建面板...
[00:39:05]   [panel] [panel] 特征构建完成: 5001/5001 只, 62s
[00:39:05]   [panel] [panel] 策略分计算完成: 5001只, 197s
[00:39:05]   [panel] ⚠ max_step: 零值率 98.6%
[00:39:05]   [panel] ⚠ was_limit: 零值率 98.6%
[00:39:05]   [panel] ⚠ id_vwap_dev: 零值率 100.0%
[00:39:05]   [panel] ⚠ id_range: 零值率 100.0%
[00:39:05]   [panel] ⚠ id_amount_ratio: 零值率 100.0%
[00:39:05]   [panel] [panel] 面板已保存: /root/maneki-agent/wiki/raw/limit-up/panel/20260812.parquet (5001只, 70列)
[00:39:05]   [panel] [QC] 报告已保存: /root/maneki-agent/wiki/raw/limit-up/panel/20260812_qc.json
[00:39:05]   [panel] [panel] 预评: 5001只→≥35分=27只已保存
[00:39:05]   面板构建完成 ✓ 20260812.parquet (1536KB, 468s)
[09:26:05] [09:26] 开始早盘评分流程...
[09:27:09] [09:26+] 早盘评分完成 ✓
[00:30:09] [00:30] 加载概念缓存...
[00:30:09]   概念行情 24364 行, 成分股 55429 行 ✓
[00:31:09] [00:30+] 开始构建面板...
[00:46:40] [daily] 启动
[00:46:40] 每日预测守护进程启动
[00:46:41] [00:30] 加载概念缓存...
[00:46:41]   概念行情 24364 行, 成分股 55429 行 ✓
[00:47:41] [00:30+] 开始构建面板...
[00:55:32]   [panel] [panel] 特征构建完成: 5001/5001 只, 68s
[00:55:32]   [panel] [panel] 策略分计算完成: 5001只, 194s
[00:55:32]   [panel] ⚠ max_step: 零值率 97.7%
[00:55:32]   [panel] ⚠ was_limit: 零值率 97.7%
[00:55:32]   [panel] ⚠ id_vwap_dev: 零值率 100.0%
[00:55:32]   [panel] ⚠ id_range: 零值率 100.0%
[00:55:32]   [panel] ⚠ id_amount_ratio: 零值率 100.0%
[00:55:32]   [panel] [panel] 面板已保存: /root/maneki-agent/wiki/raw/limit-up/panel/20260813.parquet (5001只, 70列)
[00:55:32]   [panel] [QC] 报告已保存: /root/maneki-agent/wiki/raw/limit-up/panel/20260813_qc.json
[00:55:32]   [panel] [panel] 预评: 5001只→≥35分=22只已保存
[00:55:32]   面板构建完成 ✓ 20260813.parquet (1523KB, 470s)
[09:26:02] [09:26] 开始早盘评分流程...
[09:27:06] [09:26+] 早盘评分完成 ✓
[00:30:06] [00:30] 加载概念缓存...
[00:30:07]   概念行情 24364 行, 成分股 55429 行 ✓
[00:31:07] [00:30+] 开始构建面板...
[00:46:37] [daily] 启动
[00:46:37] 每日预测守护进程启动
[00:46:38] [00:30] 加载概念缓存...
[00:46:39]   概念行情 24364 行, 成分股 55429 行 ✓
[00:47:39] [00:30+] 开始构建面板...
[00:55:30]   [panel] [panel] 特征构建完成: 5002/5002 只, 69s
[00:55:30]   [panel] [panel] 策略分计算完成: 5002只, 195s
[00:55:30]   [panel] ⚠ max_step: 零值率 98.5%
[00:55:30]   [panel] ⚠ was_limit: 零值率 98.5%
[00:55:30]   [panel] ⚠ id_vwap_dev: 零值率 100.0%
[00:55:30]   [panel] ⚠ id_range: 零值率 100.0%
[00:55:30]   [panel] ⚠ id_amount_ratio: 零值率 100.0%
[00:55:30]   [panel] [panel] 面板已保存: /root/maneki-agent/wiki/raw/limit-up/panel/20260814.parquet (5002只, 70列)
[00:55:30]   [panel] [QC] 报告已保存: /root/maneki-agent/wiki/raw/limit-up/panel/20260814_qc.json
[00:55:30]   [panel] [panel] 预评: 5002只→≥35分=27只已保存
[00:55:30]   面板构建完成 ✓ 20260814.parquet (1528KB, 472s)
[09:26:01] [09:26] 开始早盘评分流程...
[09:28:05] [09:26+] 早盘评分完成 ✓
[00:30:06] [00:30] 加载概念缓存...
[00:30:06]   概念行情 24364 行, 成分股 55429 行 ✓
[00:31:06] [00:30+] 开始构建面板...
[00:46:37] [daily] 启动
[00:46:37] 每日预测守护进程启动
[00:46:38] [00:30] 加载概念缓存...
[00:46:38]   概念行情 24364 行, 成分股 55429 行 ✓
[00:47:38] [00:30+] 开始构建面板...
[00:55:37]   [panel] [panel] 特征构建完成: 5002/5002 只, 69s
[00:55:37]   [panel] [panel] 策略分计算完成: 5002只, 196s
[00:55:37]   [panel] ⚠ max_step: 零值率 98.4%
[00:55:37]   [panel] ⚠ was_limit: 零值率 98.4%
[00:55:37]   [panel] ⚠ id_vwap_dev: 零值率 100.0%
[00:55:37]   [panel] ⚠ id_range: 零值率 100.0%
[00:55:37]   [panel] ⚠ id_amount_ratio: 零值率 100.0%
[00:55:37]   [panel] [panel] 面板已保存: /root/maneki-agent/wiki/raw/limit-up/panel/20260817.parquet (5002只, 70列)
[00:55:37]   [panel] [QC] 报告已保存: /root/maneki-agent/wiki/raw/limit-up/panel/20260817_qc.json
[00:55:37]   [panel] [panel] 预评: 5002只→≥35分=20只已保存
[00:55:37]   面板构建完成 ✓ 20260817.parquet (1539KB, 479s)
[09:26:08] [09:26] 开始早盘评分流程...
[09:27:12] [09:26+] 早盘评分完成 ✓
[00:30:13] [00:30] 加载概念缓存...
[00:30:13]   概念行情 24364 行, 成分股 55429 行 ✓
[00:31:13] [00:30+] 开始构建面板...
[00:46:43] [daily] 启动
[00:46:43] 每日预测守护进程启动
[00:46:44] [00:30] 加载概念缓存...
[00:46:45]   概念行情 24364 行, 成分股 55429 行 ✓
[00:47:45] [00:30+] 开始构建面板...
[00:58:24]   [panel] [panel] 特征构建完成: 5000/5000 只, 69s
[00:58:24]   [panel] [panel] 策略分计算完成: 5000只, 348s
[00:58:24]   [panel] ⚠ max_step: 零值率 97.1%
[00:58:24]   [panel] ⚠ was_limit: 零值率 97.1%
[00:58:24]   [panel] ⚠ id_vwap_dev: 零值率 100.0%
[00:58:24]   [panel] ⚠ id_range: 零值率 100.0%
[00:58:24]   [panel] ⚠ id_amount_ratio: 零值率 100.0%
[00:58:24]   [panel] [panel] 面板已保存: /root/maneki-agent/wiki/raw/limit-up/panel/20260818.parquet (5000只, 70列)
[00:58:24]   [panel] [QC] 报告已保存: /root/maneki-agent/wiki/raw/limit-up/panel/20260818_qc.json
[00:58:24]   [panel] [panel] 预评: 5000只→≥35分=24只已保存
[00:58:24]   面板构建完成 ✓ 20260818.parquet (1529KB, 639s)
[09:26:24] [09:26] 开始早盘评分流程...
[09:27:28] [09:26+] 早盘评分完成 ✓
[00:30:29] [00:30] 加载概念缓存...
[00:30:29]   概念行情 24364 行, 成分股 55429 行 ✓
[00:31:29] [00:30+] 开始构建面板...
[00:46:59] [daily] 启动
[00:46:59] 每日预测守护进程启动
[00:47:00] [00:30] 加载概念缓存...
[00:47:01]   概念行情 24364 行, 成分股 55429 行 ✓
[00:48:01] [00:30+] 开始构建面板...
[00:58:51]   [panel] [panel] 特征构建完成: 5001/5001 只, 69s
[00:58:51]   [panel] [panel] 策略分计算完成: 5001只, 365s
[00:58:51]   [panel] ⚠ max_step: 零值率 98.0%
[00:58:51]   [panel] ⚠ was_limit: 零值率 98.0%
[00:58:51]   [panel] ⚠ id_vwap_dev: 零值率 100.0%
[00:58:51]   [panel] ⚠ id_range: 零值率 100.0%
[00:58:51]   [panel] ⚠ id_amount_ratio: 零值率 100.0%
[00:58:51]   [panel] [panel] 面板已保存: /root/maneki-agent/wiki/raw/limit-up/panel/20260819.parquet (5001只, 70列)
[00:58:51]   [panel] [QC] 报告已保存: /root/maneki-agent/wiki/raw/limit-up/panel/20260819_qc.json
[00:58:51]   [panel] [panel] 预评: 5001只→≥35分=26只已保存
[00:58:51]   面板构建完成 ✓ 20260819.parquet (1532KB, 650s)
[09:26:21] [09:26] 开始早盘评分流程...
[09:27:26] [09:26+] 早盘评分完成 ✓
[00:30:26] [00:30] 加载概念缓存...
[00:30:26]   概念行情 24364 行, 成分股 55429 行 ✓
[00:31:26] [00:30+] 开始构建面板...
[00:46:57] [daily] 启动
[00:46:57] 每日预测守护进程启动
[00:46:58] [00:30] 加载概念缓存...
[00:46:58]   概念行情 24364 行, 成分股 55429 行 ✓
[00:47:58] [00:30+] 开始构建面板...
[00:59:39]   [panel] [panel] 特征构建完成: 5001/5001 只, 64s
[00:59:39]   [panel] [panel] 策略分计算完成: 5001只, 417s
[00:59:39]   [panel] ⚠ max_step: 零值率 99.2%
[00:59:39]   [panel] ⚠ was_limit: 零值率 99.2%
[00:59:39]   [panel] ⚠ id_vwap_dev: 零值率 100.0%
[00:59:39]   [panel] ⚠ id_range: 零值率 100.0%
[00:59:39]   [panel] ⚠ id_amount_ratio: 零值率 100.0%
[00:59:39]   [panel] [panel] 面板已保存: /root/maneki-agent/wiki/raw/limit-up/panel/20260820.parquet (5001只, 70列)
[00:59:39]   [panel] [QC] 报告已保存: /root/maneki-agent/wiki/raw/limit-up/panel/20260820_qc.json
[00:59:39]   [panel] [panel] 预评: 5001只→≥35分=44只已保存
[00:59:39]   面板构建完成 ✓ 20260820.parquet (1553KB, 701s)
[09:26:09] [09:26] 开始早盘评分流程...
[09:27:14] [09:26+] 早盘评分完成 ✓
[00:30:14] [00:30] 加载概念缓存...
[00:30:14]   概念行情 24364 行, 成分股 55429 行 ✓
[00:31:14] [00:30+] 开始构建面板...
[00:46:45] [daily] 启动
[00:46:45] 每日预测守护进程启动
[00:46:46] [00:30] 加载概念缓存...
[00:46:46]   概念行情 24364 行, 成分股 55429 行 ✓
[00:47:46] [00:30+] 开始构建面板...
[00:56:55]   [panel] [panel] 特征构建完成: 5001/5001 只, 68s
[00:56:55]   [panel] [panel] 策略分计算完成: 5001只, 256s
[00:56:55]   [panel] ⚠ max_step: 零值率 97.6%
[00:56:55]   [panel] ⚠ was_limit: 零值率 97.6%
[00:56:55]   [panel] ⚠ id_vwap_dev: 零值率 100.0%
[00:56:55]   [panel] ⚠ id_range: 零值率 100.0%
[00:56:55]   [panel] ⚠ id_amount_ratio: 零值率 100.0%
[00:56:55]   [panel] [panel] 面板已保存: /root/maneki-agent/wiki/raw/limit-up/panel/20260821.parquet (5001只, 70列)
[00:56:55]   [panel] [QC] 报告已保存: /root/maneki-agent/wiki/raw/limit-up/panel/20260821_qc.json
[00:56:55]   [panel] [panel] 预评: 5001只→≥35分=53只已保存
[00:56:55]   面板构建完成 ✓ 20260821.parquet (1549KB, 549s)
[09:26:25] [09:26] 开始早盘评分流程...
[09:27:29] [09:26+] 早盘评分完成 ✓
[00:30:00] [00:30] 加载概念缓存...
[00:30:00]   概念行情 24364 行, 成分股 55429 行 ✓
[00:31:00] [00:30+] 开始构建面板...
[00:46:31] [daily] 启动
[00:46:31] 每日预测守护进程启动
[00:46:33] [00:30] 加载概念缓存...
[00:46:34]   概念行情 24364 行, 成分股 55429 行 ✓
[00:47:34] [00:30+] 开始构建面板...
[01:00:15]   [panel] [panel] 特征构建完成: 5002/5002 只, 69s
[01:00:15]   [panel] [panel] 策略分计算完成: 5002只, 472s
[01:00:15]   [panel] ⚠ max_step: 零值率 98.7%
[01:00:15]   [panel] ⚠ was_limit: 零值率 98.7%
[01:00:15]   [panel] ⚠ id_vwap_dev: 零值率 100.0%
[01:00:15]   [panel] ⚠ id_range: 零值率 100.0%
[01:00:15]   [panel] ⚠ id_amount_ratio: 零值率 100.0%
[01:00:15]   [panel] [panel] 面板已保存: /root/maneki-agent/wiki/raw/limit-up/panel/20260824.parquet (5002只, 70列)
[01:00:15]   [panel] [QC] 报告已保存: /root/maneki-agent/wiki/raw/limit-up/panel/20260824_qc.json
[01:00:15]   [panel] [panel] 预评: 5002只→≥35分=16只已保存
[01:00:15]   面板构建完成 ✓ 20260824.parquet (1538KB, 761s)
[09:26:15] [09:26] 开始早盘评分流程...
[09:27:20] [09:26+] 早盘评分完成 ✓
[00:30:21] [00:30] 加载概念缓存...
[00:30:21]   概念行情 24364 行, 成分股 55429 行 ✓
[00:31:21] [00:30+] 开始构建面板...
[00:46:51] [daily] 启动
[00:46:51] 每日预测守护进程启动
[00:46:53] [00:30] 加载概念缓存...
[00:46:54]   概念行情 24364 行, 成分股 55429 行 ✓
[00:47:54] [00:30+] 开始构建面板...
[00:59:06]   [panel] [panel] 特征构建完成: 5005/5005 只, 60s
[00:59:06]   [panel] [panel] 策略分计算完成: 5005只, 399s
[00:59:06]   [panel] ⚠ max_step: 零值率 98.9%
[00:59:06]   [panel] ⚠ was_limit: 零值率 98.9%
[00:59:06]   [panel] ⚠ id_vwap_dev: 零值率 100.0%
[00:59:06]   [panel] ⚠ id_range: 零值率 100.0%
[00:59:06]   [panel] ⚠ id_amount_ratio: 零值率 100.0%
[00:59:06]   [panel] [panel] 面板已保存: /root/maneki-agent/wiki/raw/limit-up/panel/20260825.parquet (5005只, 70列)
[00:59:06]   [panel] [QC] 报告已保存: /root/maneki-agent/wiki/raw/limit-up/panel/20260825_qc.json
[00:59:06]   [panel] [panel] 预评: 5005只→≥35分=26只已保存
[00:59:06]   面板构建完成 ✓ 20260825.parquet (1545KB, 672s)
[09:26:04] [09:26] 开始早盘评分流程...
[09:27:09] [09:26+] 早盘评分完成 ✓
[00:30:10] [00:30] 加载概念缓存...
[00:30:10]   概念行情 24364 行, 成分股 55429 行 ✓
[00:31:10] [00:30+] 开始构建面板...
[00:46:41] [daily] 启动
[00:46:41] 每日预测守护进程启动
[00:46:42] [00:30] 加载概念缓存...
[00:46:43]   概念行情 24364 行, 成分股 55429 行 ✓
[00:47:43] [00:30+] 开始构建面板...
[00:58:39]   [panel] [panel] 特征构建完成: 5007/5007 只, 60s
[00:58:39]   [panel] [panel] 策略分计算完成: 5007只, 383s
[00:58:39]   [panel] ⚠ max_step: 零值率 98.2%
[00:58:39]   [panel] ⚠ was_limit: 零值率 98.2%
[00:58:39]   [panel] ⚠ id_vwap_dev: 零值率 100.0%
[00:58:39]   [panel] ⚠ id_range: 零值率 100.0%
[00:58:39]   [panel] ⚠ id_amount_ratio: 零值率 100.0%
[00:58:39]   [panel] [panel] 面板已保存: /root/maneki-agent/wiki/raw/limit-up/panel/20260826.parquet (5007只, 70列)
[00:58:39]   [panel] [QC] 报告已保存: /root/maneki-agent/wiki/raw/limit-up/panel/20260826_qc.json
[00:58:39]   [panel] [panel] 预评: 5007只→≥35分=18只已保存
[00:58:39]   面板构建完成 ✓ 20260826.parquet (1547KB, 656s)
[09:26:09] [09:26] 开始早盘评分流程...
[09:27:14] [09:26+] 早盘评分完成 ✓
[00:30:15] [00:30] 加载概念缓存...
[00:30:15]   概念行情 24364 行, 成分股 55429 行 ✓
[00:31:15] [00:30+] 开始构建面板...
[00:46:46] [daily] 启动
[00:46:46] 每日预测守护进程启动
[00:46:47] [00:30] 加载概念缓存...
[00:46:48]   概念行情 24364 行, 成分股 55429 行 ✓
[00:47:48] [00:30+] 开始构建面板...
[00:58:00]   [panel] [panel] 特征构建完成: 5008/5008 只, 60s
[00:58:00]   [panel] [panel] 策略分计算完成: 5008只, 337s
[00:58:00]   [panel] ⚠ max_step: 零值率 98.8%
[00:58:00]   [panel] ⚠ was_limit: 零值率 98.8%
[00:58:00]   [panel] ⚠ id_vwap_dev: 零值率 100.0%
[00:58:00]   [panel] ⚠ id_range: 零值率 100.0%
[00:58:00]   [panel] ⚠ id_amount_ratio: 零值率 100.0%
[00:58:00]   [panel] [panel] 面板已保存: /root/maneki-agent/wiki/raw/limit-up/panel/20260827.parquet (5008只, 70列)
[00:58:00]   [panel] [QC] 报告已保存: /root/maneki-agent/wiki/raw/limit-up/panel/20260827_qc.json
[00:58:00]   [panel] [panel] 预评: 5008只→≥35分=33只已保存
[00:58:00]   面板构建完成 ✓ 20260827.parquet (1531KB, 612s)
[09:26:00] [09:26] 开始早盘评分流程...
[09:28:06] [09:26+] 早盘评分完成 ✓
[00:30:06] [00:30] 加载概念缓存...
[00:30:06]   概念行情 24364 行, 成分股 55429 行 ✓
[00:31:06] [00:30+] 开始构建面板...
[00:46:37] [daily] 启动
[00:46:37] 每日预测守护进程启动
[00:46:39] [00:30] 加载概念缓存...
[00:46:40]   概念行情 24364 行, 成分股 55429 行 ✓
[00:47:40] [00:30+] 开始构建面板...
[00:58:12]   [panel] [panel] 特征构建完成: 5009/5009 只, 59s
[00:58:12]   [panel] [panel] 策略分计算完成: 5009只, 357s
[00:58:12]   [panel] ⚠ max_step: 零值率 97.6%
[00:58:12]   [panel] ⚠ was_limit: 零值率 97.6%
[00:58:12]   [panel] ⚠ id_vwap_dev: 零值率 100.0%
[00:58:12]   [panel] ⚠ id_range: 零值率 100.0%
[00:58:12]   [panel] ⚠ id_amount_ratio: 零值率 100.0%
[00:58:12]   [panel] [panel] 面板已保存: /root/maneki-agent/wiki/raw/limit-up/panel/20260828.parquet (5009只, 70列)
[00:58:12]   [panel] [QC] 报告已保存: /root/maneki-agent/wiki/raw/limit-up/panel/20260828_qc.json
[00:58:12]   [panel] [panel] 预评: 5009只→≥35分=23只已保存
[00:58:12]   面板构建完成 ✓ 20260828.parquet (1534KB, 632s)
[09:26:13] [09:26] 开始早盘评分流程...
[09:27:18] [09:26+] 早盘评分完成 ✓
[00:30:19] [00:30] 加载概念缓存...
[00:30:19]   概念行情 24364 行, 成分股 55429 行 ✓
[00:31:19] [00:30+] 开始构建面板...
[00:46:50] [daily] 启动
[00:46:50] 每日预测守护进程启动
[00:46:51] [00:30] 加载概念缓存...
[00:46:51]   概念行情 24364 行, 成分股 55429 行 ✓
[00:47:51] [00:30+] 开始构建面板...
[00:57:58]   [panel] [panel] 特征构建完成: 5008/5008 只, 60s
[00:57:58]   [panel] [panel] 策略分计算完成: 5008只, 331s
[00:57:58]   [panel] ⚠ max_step: 零值率 98.3%
[00:57:58]   [panel] ⚠ was_limit: 零值率 98.3%
[00:57:58]   [panel] ⚠ id_vwap_dev: 零值率 100.0%
[00:57:58]   [panel] ⚠ id_range: 零值率 100.0%
[00:57:58]   [panel] ⚠ id_amount_ratio: 零值率 100.0%
[00:57:58]   [panel] [panel] 面板已保存: /root/maneki-agent/wiki/raw/limit-up/panel/20260831.parquet (5008只, 70列)
[00:57:58]   [panel] [QC] 报告已保存: /root/maneki-agent/wiki/raw/limit-up/panel/20260831_qc.json
[00:57:58]   [panel] [panel] 预评: 5008只→≥35分=37只已保存
[00:57:58]   面板构建完成 ✓ 20260831.parquet (1537KB, 607s)
[09:26:28] [09:26] 开始早盘评分流程...
[09:36:34] [09:26+] 早盘评分完成 ✓
[00:30:05] [00:30] 加载概念缓存...
[00:30:05]   概念行情 24364 行, 成分股 55429 行 ✓
[00:31:05] [00:30+] 开始构建面板...
[00:46:36] [daily] 启动
[00:46:36] 每日预测守护进程启动
[00:46:37] [00:30] 加载概念缓存...
[00:46:37]   概念行情 24364 行, 成分股 55429 行 ✓
[00:47:37] [00:30+] 开始构建面板...
[00:57:07]   [panel] [panel] 特征构建完成: 5007/5007 只, 60s
[00:57:07]   [panel] [panel] 策略分计算完成: 5007只, 295s
[00:57:07]   [panel] ⚠ max_step: 零值率 97.6%
[00:57:07]   [panel] ⚠ was_limit: 零值率 97.6%
[00:57:07]   [panel] ⚠ id_vwap_dev: 零值率 100.0%
[00:57:07]   [panel] ⚠ id_range: 零值率 100.0%
[00:57:07]   [panel] ⚠ id_amount_ratio: 零值率 100.0%
[00:57:07]   [panel] [panel] 面板已保存: /root/maneki-agent/wiki/raw/limit-up/panel/20260901.parquet (5007只, 70列)
[00:57:07]   [panel] [QC] 报告已保存: /root/maneki-agent/wiki/raw/limit-up/panel/20260901_qc.json
[00:57:07]   [panel] [panel] 预评: 5007只→≥35分=37只已保存
[00:57:07]   面板构建完成 ✓ 20260901.parquet (1548KB, 570s)
[09:26:07] [09:26] 开始早盘评分流程...
[09:27:13] [09:26+] 早盘评分完成 ✓
[00:30:14] [00:30] 加载概念缓存...
[00:30:14]   概念行情 24364 行, 成分股 55429 行 ✓
[00:31:14] [00:30+] 开始构建面板...
[00:46:44] [daily] 启动
[00:46:44] 每日预测守护进程启动
[00:46:45] [00:30] 加载概念缓存...
[00:46:46]   概念行情 24364 行, 成分股 55429 行 ✓
[00:47:46] [00:30+] 开始构建面板...
[00:57:29]   [panel] [panel] 特征构建完成: 5009/5009 只, 60s
[00:57:29]   [panel] [panel] 策略分计算完成: 5009只, 307s
[00:57:29]   [panel] ⚠ max_step: 零值率 98.2%
[00:57:29]   [panel] ⚠ was_limit: 零值率 98.2%
[00:57:29]   [panel] ⚠ id_vwap_dev: 零值率 100.0%
[00:57:29]   [panel] ⚠ id_range: 零值率 100.0%
[00:57:29]   [panel] ⚠ id_amount_ratio: 零值率 100.0%
[00:57:29]   [panel] [panel] 面板已保存: /root/maneki-agent/wiki/raw/limit-up/panel/20260902.parquet (5009只, 70列)
[00:57:29]   [panel] [QC] 报告已保存: /root/maneki-agent/wiki/raw/limit-up/panel/20260902_qc.json
[00:57:29]   [panel] [panel] 预评: 5009只→≥35分=35只已保存
[00:57:29]   面板构建完成 ✓ 20260902.parquet (1543KB, 583s)
[09:26:29] [09:26] 开始早盘评分流程...
[09:27:33] [09:26+] 早盘评分完成 ✓
[00:30:03] [00:30] 加载概念缓存...
[00:30:03]   概念行情 24364 行, 成分股 55429 行 ✓
[00:31:03] [00:30+] 开始构建面板...
[00:46:33] [daily] 启动
[00:46:33] 每日预测守护进程启动
[00:46:34] [00:30] 加载概念缓存...
[00:46:35]   概念行情 24364 行, 成分股 55429 行 ✓
[00:47:35] [00:30+] 开始构建面板...
[00:58:04]   [panel] [panel] 特征构建完成: 5011/5011 只, 59s
[00:58:04]   [panel] [panel] 策略分计算完成: 5011只, 356s
[00:58:04]   [panel] ⚠ max_step: 零值率 98.9%
[00:58:04]   [panel] ⚠ was_limit: 零值率 98.9%
[00:58:04]   [panel] ⚠ id_vwap_dev: 零值率 100.0%
[00:58:04]   [panel] ⚠ id_range: 零值率 100.0%
[00:58:04]   [panel] ⚠ id_amount_ratio: 零值率 100.0%
[00:58:04]   [panel] [panel] 面板已保存: /root/maneki-agent/wiki/raw/limit-up/panel/20260903.parquet (5011只, 70列)
[00:58:04]   [panel] [QC] 报告已保存: /root/maneki-agent/wiki/raw/limit-up/panel/20260903_qc.json
[00:58:04]   [panel] [panel] 预评: 5011只→≥35分=24只已保存
[00:58:04]   面板构建完成 ✓ 20260903.parquet (1541KB, 630s)
[09:26:05] [09:26] 开始早盘评分流程...
[09:27:10] [09:26+] 早盘评分完成 ✓
[00:30:10] [00:30] 加载概念缓存...
[00:30:10]   概念行情 24364 行, 成分股 55429 行 ✓
[00:31:10] [00:30+] 开始构建面板...
[00:46:41] [daily] 启动
[00:46:41] 每日预测守护进程启动
[00:46:42] [00:30] 加载概念缓存...
[00:46:43]   概念行情 24364 行, 成分股 55429 行 ✓
[00:47:43] [00:30+] 开始构建面板...
[00:57:30]   [panel] [panel] 特征构建完成: 5011/5011 只, 60s
[00:57:30]   [panel] [panel] 策略分计算完成: 5011只, 318s
[00:57:30]   [panel] ⚠ max_step: 零值率 98.9%
[00:57:30]   [panel] ⚠ was_limit: 零值率 98.9%
[00:57:30]   [panel] ⚠ id_vwap_dev: 零值率 100.0%
[00:57:30]   [panel] ⚠ id_range: 零值率 100.0%
[00:57:30]   [panel] ⚠ id_amount_ratio: 零值率 100.0%
[00:57:30]   [panel] [panel] 面板已保存: /root/maneki-agent/wiki/raw/limit-up/panel/20260904.parquet (5011只, 70列)
[00:57:30]   [panel] [QC] 报告已保存: /root/maneki-agent/wiki/raw/limit-up/panel/20260904_qc.json
[00:57:30]   [panel] [panel] 预评: 5011只→≥35分=22只已保存
[00:57:30]   面板构建完成 ✓ 20260904.parquet (1534KB, 586s)
[09:26:00] [09:26] 开始早盘评分流程...
[09:28:06] [09:26+] 早盘评分完成 ✓
[00:30:07] [00:30] 加载概念缓存...
[00:30:07]   概念行情 24364 行, 成分股 55429 行 ✓
[00:31:07] [00:30+] 开始构建面板...
[00:46:37] [daily] 启动
[00:46:37] 每日预测守护进程启动
[00:46:39] [00:30] 加载概念缓存...
[00:46:40]   概念行情 24364 行, 成分股 55429 行 ✓
[00:47:40] [00:30+] 开始构建面板...
[00:58:08]   [panel] [panel] 特征构建完成: 5010/5010 只, 58s
[00:58:08]   [panel] [panel] 策略分计算完成: 5010只, 360s
[00:58:08]   [panel] ⚠ max_step: 零值率 99.0%
[00:58:08]   [panel] ⚠ was_limit: 零值率 99.0%
[00:58:08]   [panel] ⚠ id_vwap_dev: 零值率 100.0%
[00:58:08]   [panel] ⚠ id_range: 零值率 100.0%
[00:58:08]   [panel] ⚠ id_amount_ratio: 零值率 100.0%
[00:58:08]   [panel] [panel] 面板已保存: /root/maneki-agent/wiki/raw/limit-up/panel/20260907.parquet (5010只, 70列)
[00:58:08]   [panel] [QC] 报告已保存: /root/maneki-agent/wiki/raw/limit-up/panel/20260907_qc.json
[00:58:08]   [panel] [panel] 预评: 5010只→≥35分=23只已保存
[00:58:08]   面板构建完成 ✓ 20260907.parquet (1551KB, 628s)
[09:26:08] [09:26] 开始早盘评分流程...
[09:27:14] [09:26+] 早盘评分完成 ✓
[00:30:14] [00:30] 加载概念缓存...
[00:30:14]   概念行情 24364 行, 成分股 55429 行 ✓
[00:31:14] [00:30+] 开始构建面板...
[00:46:45] [daily] 启动
[00:46:45] 每日预测守护进程启动
[00:46:46] [00:30] 加载概念缓存...
[00:46:47]   概念行情 24364 行, 成分股 55429 行 ✓
[00:47:47] [00:30+] 开始构建面板...
[00:59:42]   [panel] [panel] 特征构建完成: 5010/5010 只, 61s
[00:59:42]   [panel] [panel] 策略分计算完成: 5010只, 432s
[00:59:42]   [panel] ⚠ max_step: 零值率 97.2%
[00:59:42]   [panel] ⚠ was_limit: 零值率 97.2%
[00:59:42]   [panel] ⚠ id_vwap_dev: 零值率 100.0%
[00:59:42]   [panel] ⚠ id_range: 零值率 100.0%
[00:59:42]   [panel] ⚠ id_amount_ratio: 零值率 100.0%
[00:59:42]   [panel] [panel] 面板已保存: /root/maneki-agent/wiki/raw/limit-up/panel/20260908.parquet (5010只, 70列)
[00:59:42]   [panel] [QC] 报告已保存: /root/maneki-agent/wiki/raw/limit-up/panel/20260908_qc.json
[00:59:42]   [panel] [panel] 预评: 5010只→≥35分=27只已保存
[00:59:42]   面板构建完成 ✓ 20260908.parquet (1532KB, 716s)
[09:26:12] [09:26] 开始早盘评分流程...
[09:27:18] [09:26+] 早盘评分完成 ✓
[00:30:19] [00:30] 加载概念缓存...
[00:30:19]   概念行情 24364 行, 成分股 55429 行 ✓
[00:31:19] [00:30+] 开始构建面板...
[00:46:49] [daily] 启动
[00:46:49] 每日预测守护进程启动
[00:46:50] [00:30] 加载概念缓存...
[00:46:50]   概念行情 24364 行, 成分股 55429 行 ✓
[00:47:50] [00:30+] 开始构建面板...
[00:59:42]   [panel] [panel] 特征构建完成: 5009/5009 只, 58s
[00:59:42]   [panel] [panel] 策略分计算完成: 5009只, 435s
[00:59:42]   [panel] ⚠ max_step: 零值率 98.3%
[00:59:42]   [panel] ⚠ was_limit: 零值率 98.3%
[00:59:42]   [panel] ⚠ id_vwap_dev: 零值率 100.0%
[00:59:42]   [panel] ⚠ id_range: 零值率 100.0%
[00:59:42]   [panel] ⚠ id_amount_ratio: 零值率 100.0%
[00:59:42]   [panel] [panel] 面板已保存: /root/maneki-agent/wiki/raw/limit-up/panel/20260909.parquet (5009只, 70列)
[00:59:42]   [panel] [QC] 报告已保存: /root/maneki-agent/wiki/raw/limit-up/panel/20260909_qc.json
[00:59:42]   [panel] [panel] 预评: 5009只→≥35分=33只已保存
[00:59:42]   面板构建完成 ✓ 20260909.parquet (1532KB, 711s)
[09:26:12] [09:26] 开始早盘评分流程...
[09:27:17] [09:26+] 早盘评分完成 ✓
[00:30:18] [00:30] 加载概念缓存...
[00:30:18]   概念行情 24364 行, 成分股 55429 行 ✓
[00:31:18] [00:30+] 开始构建面板...
[00:46:48] [daily] 启动
[00:46:48] 每日预测守护进程启动
[00:46:49] [00:30] 加载概念缓存...
[00:46:50]   概念行情 24364 行, 成分股 55429 行 ✓
[00:47:50] [00:30+] 开始构建面板...
[00:57:43]   [panel] [panel] 特征构建完成: 5009/5009 只, 63s
[00:57:43]   [panel] [panel] 策略分计算完成: 5009只, 307s
[00:57:43]   [panel] ⚠ max_step: 零值率 98.9%
[00:57:43]   [panel] ⚠ was_limit: 零值率 98.9%
[00:57:43]   [panel] ⚠ id_vwap_dev: 零值率 100.0%
[00:57:43]   [panel] ⚠ id_range: 零值率 100.0%
[00:57:43]   [panel] ⚠ id_amount_ratio: 零值率 100.0%
[00:57:43]   [panel] [panel] 面板已保存: /root/maneki-agent/wiki/raw/limit-up/panel/20260910.parquet (5009只, 70列)
[00:57:43]   [panel] [QC] 报告已保存: /root/maneki-agent/wiki/raw/limit-up/panel/20260910_qc.json
[00:57:43]   [panel] [panel] 预评: 5009只→≥35分=34只已保存
[00:57:43]   面板构建完成 ✓ 20260910.parquet (1536KB, 593s)
[09:26:13] [09:26] 开始早盘评分流程...
[09:27:19] [09:26+] 早盘评分完成 ✓
