07-25 22:07:49 INFO ===== 20260724 早盘流程启动 =====
07-25 22:07:51 INFO 竞价拉取成功: 全市场 6784 只
07-25 22:07:51 INFO 面板竞价刷新完成: 4993/4993 只 (auc_*+auc_pct+shortterm)
07-25 22:07:51 INFO 预评池 388 只
07-25 22:07:52 INFO 模型评分完成: 388 只, 0.8s, max=80.2 mean=27.1 ≥55=38只
07-25 22:07:52 INFO model_score 已写回面板
07-25 22:07:52 INFO analysis 已合并 386 只 (累计 388 只)
07-25 22:07:52 INFO 推送: ≥55 候选 38 只, 新推送 0 只
07-25 22:07:52 INFO ===== 20260724 早盘流程完成 =====
07-25 22:28:06 INFO ===== 20260724 早盘流程启动 =====
07-25 22:28:08 INFO 竞价拉取成功: 全市场 6784 只
07-25 22:28:08 INFO 面板竞价刷新完成: 4993/4993 只 (auc_*+auc_pct+shortterm)
07-25 22:28:08 INFO 面板 4993 只，开始全量评分
07-25 22:28:09 INFO 模型评分完成: 4993 只, 0.8s, max=80.2 mean=7.6 ≥55=43只
07-25 22:28:09 INFO model_score 已全量写回面板
07-25 22:28:09 INFO analysis 已合并 3043 只 (累计 3185 只)
07-25 22:28:09 INFO 推送: ≥55 候选 29 只, 新推送 0 只
07-25 22:28:09 INFO ===== 20260724 早盘流程完成 =====
07-26 10:19:20 INFO ===== 20260724 早盘流程启动 =====
07-26 10:19:21 INFO 竞价拉取成功: 全市场 6784 只
07-26 10:19:22 INFO 面板竞价刷新完成: 4993/4993 只 (auc_*+auc_pct+shortterm)
07-26 10:19:22 INFO 面板 4993 只，开始全量评分
07-26 10:19:23 INFO 模型评分完成: 4993 只, 0.8s, max=80.2 mean=7.6 ≥55=43只
07-26 10:19:23 INFO model_score 已全量写回面板
07-26 10:19:23 INFO analysis 已合并 3043 只 (累计 3185 只)
07-26 10:19:23 INFO 推送: ≥55 候选 29 只, Top3 中新推送 0 只
07-26 10:19:23 INFO ===== 20260724 早盘流程完成 =====
07-26 10:51:52 INFO 竞价拉取成功: 全市场 6784 只
07-26 10:51:53 INFO 面板竞价刷新完成: 4993/4993 只 (auc_*+auc_pct+shortterm)
07-26 10:51:53 INFO 面板 4993 只，开始全量评分
07-26 10:51:54 INFO 模型评分完成: 4993 只, 1.0s, max=80.2 mean=7.6 ≥55=43只
07-26 10:51:54 INFO model_score 已全量写回面板
07-26 10:51:54 INFO analysis 已合并 3043 只 (累计 3185 只)
07-26 10:51:54 INFO 推送: ≥55 候选 29 只, Top3 中新推送 0 只
07-26 10:51:55 INFO ===== 20260726 早盘流程启动 =====
07-26 10:51:55 INFO 20260726 非交易日，退出
07-26 11:00:06 INFO 竞价拉取成功: 全市场 6784 只
07-26 11:00:06 INFO 面板竞价刷新完成: 4993/4993 只 (auc_*+auc_pct+shortterm)
07-26 11:00:06 INFO 面板 4993 只，开始全量评分
07-26 11:00:06 INFO 模型评分完成: 4993 只, 0.0s, max=80.2 mean=7.6 ≥55=43只
07-26 11:00:06 INFO model_score 已全量写回面板
07-26 11:00:06 INFO analysis 已合并 3043 只 (累计 3185 只)
07-26 11:00:06 INFO 推送: ≥55 候选 29 只, Top3 中新推送 0 只
07-26 11:00:07 INFO ===== 20260726 早盘流程启动 =====
07-26 11:00:07 INFO 20260726 非交易日，退出
07-26 11:09:03 INFO 竞价拉取成功: 全市场 6784 只
07-26 11:09:04 INFO 面板竞价刷新完成: 4993/4993 只 (auc_*+auc_pct+shortterm)
07-26 11:09:04 INFO 面板 4993 只，开始全量评分
07-26 11:09:04 INFO 模型评分完成: 4993 只, 0.0s, max=80.2 mean=7.6 ≥55=43只
07-26 11:09:04 INFO model_score 已全量写回面板
07-26 11:09:04 INFO analysis 已合并 3043 只 (累计 3185 只)
07-26 11:09:04 INFO 推送: ≥55 候选 29 只, Top3 中新推送 0 只
07-26 11:09:04 INFO ===== 20260726 早盘流程启动 =====
07-26 11:09:04 INFO 20260726 非交易日，退出
07-26 11:25:57 INFO 竞价拉取成功: 全市场 6784 只
07-26 11:25:57 INFO 面板竞价刷新完成: 4993/4993 只 (auc_*+auc_pct+shortterm)
07-26 11:25:57 INFO 面板 4993 只，开始全量评分
07-26 11:25:57 INFO 模型评分完成: 4993 只, 0.0s, max=80.2 mean=7.6 ≥55=43只
07-26 11:25:57 INFO model_score 已全量写回面板
07-26 11:25:58 INFO analysis 已合并 3043 只 (累计 3185 只)
07-26 11:25:58 INFO 推送: ≥55 候选 29 只, Top3 中新推送 0 只
07-26 11:25:58 INFO ===== 20260726 早盘流程启动 =====
07-26 11:25:58 INFO 20260726 非交易日，退出
07-27 10:16:41 INFO ===== 20260727 早盘流程启动 =====
07-27 10:16:43 INFO 竞价拉取成功: 全市场 6784 只
07-27 10:16:44 INFO 面板竞价刷新完成: 4992/4992 只 (auc_*+auc_pct+shortterm)
07-27 10:16:44 INFO 面板 4992 只，开始全量评分
07-27 10:16:44 INFO 模型评分完成: 4992 只, 0.8s, max=83.6 mean=5.1 ≥55=20只
07-27 10:16:44 INFO model_score 已全量写回面板
07-27 10:16:44 INFO analysis 已合并 3043 只 (累计 3057 只)
07-27 10:16:46 INFO 推送: ≥55 候选 16 只, Top3 中新推送 0 只
07-27 10:16:46 INFO ===== 20260727 早盘流程完成 =====
07-27 10:19:54 INFO ===== 20260727 早盘流程启动 =====
07-27 10:19:56 INFO 竞价拉取成功: 全市场 6784 只
07-27 10:19:57 INFO 面板竞价刷新完成: 4992/4992 只 (auc_*+auc_pct+shortterm)
07-27 10:19:57 INFO 面板 4992 只，开始全量评分
07-27 10:19:58 INFO 模型评分完成: 4992 只, 0.9s, max=83.6 mean=5.1 ≥55=20只
07-27 10:19:58 INFO model_score 已全量写回面板
07-27 10:19:58 INFO analysis 已合并 3043 只 (累计 3057 只)
07-27 10:19:58 INFO 推送: ≥55 候选 16 只, Top3 中新推送 0 只
07-27 10:19:58 INFO ===== 20260727 早盘流程完成 =====
07-27 10:50:16 INFO ===== 20260727 早盘流程启动 =====
07-27 10:50:18 INFO 竞价拉取成功: 全市场 6785 只
07-27 10:50:19 INFO 面板竞价刷新完成: 4991/4992 只 (auc_*+auc_pct+shortterm)
07-27 10:50:19 INFO 面板 4992 只，开始全量评分
07-27 10:50:20 INFO 模型评分完成: 4992 只, 1.0s, max=82.5 mean=5.0 ≥55=22只
07-27 10:50:20 INFO model_score 已全量写回面板
07-27 10:50:20 INFO analysis 已合并 3043 只 (累计 3057 只)
07-27 10:50:21 INFO 推送: ≥55 候选 17 只, Top3 中新推送 0 只
07-27 10:50:21 INFO ===== 20260727 早盘流程完成 =====
07-27 10:51:18 INFO 竞价拉取成功: 全市场 6785 只
07-27 10:51:19 INFO 面板竞价刷新完成: 4991/4992 只 (auc_*+auc_pct+shortterm)
07-27 10:51:19 INFO 面板 4992 只，开始全量评分
07-27 10:51:20 INFO 模型评分完成: 4992 只, 1.0s, max=82.5 mean=5.0 ≥55=22只
07-27 10:51:20 INFO model_score 已全量写回面板
07-27 10:51:20 INFO analysis 已合并 3043 只 (累计 3057 只)
07-27 10:51:20 INFO 推送: ≥55 候选 17 只, Top3 中新推送 0 只
07-27 10:51:20 INFO ===== 20260726 早盘流程启动 =====
07-27 10:51:20 INFO 20260726 非交易日，退出
07-27 10:55:34 INFO ===== 20260727 早盘流程启动 =====
07-27 10:55:36 INFO 竞价拉取成功: 全市场 6785 只
07-27 10:55:36 INFO 面板竞价刷新完成: 4991/4992 只 (auc_*+auc_pct+shortterm)
07-27 10:55:36 INFO 面板 4992 只，开始全量评分
07-27 10:55:37 INFO 模型评分完成: 4992 只, 0.9s, max=82.5 mean=5.0 ≥55=22只
07-27 10:55:37 INFO model_score 已全量写回面板
07-27 10:55:37 INFO analysis 已合并 3043 只 (累计 3057 只)
07-27 10:55:37 INFO 推送: ≥55 候选 17 只, Top3 中新推送 0 只
07-27 10:55:37 INFO ===== 20260727 早盘流程完成 =====
07-27 10:55:56 INFO 竞价拉取成功: 全市场 6785 只
07-27 10:55:57 INFO 面板竞价刷新完成: 4991/4992 只 (auc_*+auc_pct+shortterm)
07-27 10:55:57 INFO 面板 4992 只，开始全量评分
07-27 10:55:57 INFO 模型评分完成: 4992 只, 0.8s, max=82.5 mean=5.0 ≥55=22只
07-27 10:55:57 INFO model_score 已全量写回面板
07-27 10:55:58 INFO analysis 已合并 3043 只 (累计 3057 只)
07-27 10:55:58 INFO 推送: ≥55 候选 17 只, Top3 中新推送 0 只
07-27 10:55:58 INFO ===== 20260726 早盘流程启动 =====
07-27 10:55:58 INFO 20260726 非交易日，退出
07-28 09:53:00 INFO ===== 20260728 早盘流程启动 =====
07-28 09:53:02 INFO 竞价拉取成功: 全市场 7865 只
07-28 09:53:02 INFO 面板竞价刷新完成: 4988/4988 只 (auc_*+auc_pct+shortterm)
07-28 09:53:02 INFO 面板 4988 只，开始全量评分
07-28 09:53:03 INFO 模型评分完成: 4988 只, 0.8s, max=90.5 mean=6.3 ≥55=38只
07-28 09:53:03 INFO model_score 已全量写回面板
07-28 09:53:03 INFO analysis 已合并 3042 只 (累计 3070 只)
07-28 09:53:04 INFO 推送: ≥55 候选 25 只, Top3 中新推送 0 只
07-28 09:53:04 INFO ===== 20260728 早盘流程完成 =====
07-28 09:55:45 INFO ===== 20260728 早盘流程启动 =====
07-28 09:55:47 INFO 竞价拉取成功: 全市场 7865 只
07-28 09:55:47 INFO 面板竞价刷新完成: 4988/4988 只 (auc_*+auc_pct+shortterm)
07-28 09:55:47 INFO 面板 4988 只，开始全量评分
07-28 09:55:48 INFO 模型评分完成: 4988 只, 0.9s, max=90.5 mean=6.3 ≥55=38只
07-28 09:55:48 INFO model_score 已全量写回面板
07-28 09:55:48 INFO analysis 已合并 3042 只 (累计 3070 只)
07-28 09:55:48 INFO 推送: ≥55 候选 25 只, Top3 中新推送 0 只
07-28 09:55:48 INFO ===== 20260728 早盘流程完成 =====
07-29 11:23:16 INFO ===== 20260729 早盘流程启动 =====
07-29 11:23:18 INFO 竞价拉取成功: 全市场 7867 只
07-29 11:23:19 INFO 面板竞价刷新完成: 4988/4988 只 (auc_*+auc_pct+shortterm)
07-29 11:23:19 INFO 面板 4988 只，开始全量评分
07-29 11:23:19 INFO 模型评分完成: 4988 只, 0.8s, max=83.3 mean=5.4 ≥55=13只
07-29 11:23:19 INFO model_score 已全量写回面板
07-29 11:23:20 INFO analysis 已合并 3042 只 (累计 3059 只)
07-29 11:23:22 INFO 推送: ≥55 候选 7 只, Top3 中新推送 0 只
07-29 11:23:22 INFO ===== 20260729 早盘流程完成 =====
07-29 11:55:55 INFO ===== 20260729 早盘流程启动 =====
07-29 11:55:57 INFO 竞价拉取成功: 全市场 7867 只
07-29 11:55:57 INFO 面板竞价刷新完成: 4988/4988 只 (auc_*+auc_pct+shortterm)
07-29 11:55:57 INFO 面板 4988 只，开始全量评分
07-29 11:55:58 INFO 模型评分完成: 4988 只, 0.9s, max=53.7 mean=8.0 ≥55=0只
07-29 11:55:58 INFO model_score 已全量写回面板
07-29 11:55:58 INFO analysis 已合并 3042 只 (累计 3059 只)
07-29 11:55:58 INFO 推送: ≥55 候选 0 只, Top3 中新推送 0 只
07-29 11:55:58 INFO ===== 20260729 早盘流程完成 =====
07-30 11:11:55 INFO 竞价拉取成功: 全市场 7869 只
07-30 11:11:55 INFO 面板竞价刷新完成: 4988/4988 只 (auc_*+auc_pct+shortterm)
07-30 11:11:55 INFO 面板 4988 只，开始全量评分
07-30 11:11:57 INFO 模型评分完成: 4988 只, 1.1s, max=64.0 mean=13.9 ≥55=4只
07-30 11:11:57 INFO model_score 已全量写回面板
07-30 11:11:57 INFO analysis 已合并 3042 只 (累计 3137 只)
07-30 11:11:59 INFO 推送: ≥55 候选 1 只, Top3 中新推送 0 只
07-30 11:13:20 INFO 竞价拉取成功: 全市场 7869 只
07-30 11:13:21 INFO 面板竞价刷新完成: 4988/4988 只 (auc_*+auc_pct+shortterm)
07-30 11:13:21 INFO 面板 4988 只，开始全量评分
07-30 11:13:21 INFO 模型评分完成: 4988 只, 0.8s, max=64.0 mean=13.9 ≥55=4只
07-30 11:13:21 INFO model_score 已全量写回面板
07-30 11:13:22 INFO analysis 已合并 3042 只 (累计 3137 只)
07-30 11:13:22 INFO 推送: ≥55 候选 1 只, Top3 中新推送 0 只
07-30 11:31:56 INFO 竞价拉取成功: 全市场 7869 只
07-30 11:31:57 INFO 面板竞价刷新完成: 4988/4988 只 (auc_*+auc_pct+shortterm)
07-30 11:31:57 INFO 面板 4988 只，开始全量评分
07-30 11:31:58 INFO 模型评分完成: 4988 只, 0.8s, max=63.4 mean=14.8 ≥55=5只
07-30 11:31:58 INFO model_score 已全量写回面板
07-30 11:31:58 INFO analysis 已合并 3042 只 (累计 3181 只)
07-30 11:31:58 INFO 推送: ≥55 候选 4 只, Top3 中新推送 0 只
07-30 12:16:01 INFO 竞价拉取成功: 全市场 7869 只
07-30 12:16:01 INFO 面板竞价刷新完成: 4988/4988 只 (auc_*+auc_pct+shortterm)
07-30 12:16:01 INFO 面板 4988 只，开始全量评分
07-30 12:16:02 INFO 模型评分完成: 4988 只, 0.8s, max=63.4 mean=14.8 ≥55=5只
07-30 12:16:02 INFO model_score 已全量写回面板
07-30 12:16:02 INFO analysis 已合并 3042 只 (累计 3173 只)
07-30 12:16:02 INFO 推送: ≥55 候选 4 只, Top3 中新推送 0 只
07-31 10:07:49 INFO 竞价拉取成功: 全市场 7868 只
07-31 10:07:50 INFO 面板竞价刷新完成: 4992/4993 只 (auc_*+auc_pct+shortterm)
07-31 10:07:50 INFO 面板 4993 只，开始全量评分
07-31 10:07:51 INFO 模型评分完成: 4993 只, 1.2s, max=52.5 mean=15.2 ≥55=0只
07-31 10:07:51 INFO model_score 已全量写回面板
07-31 10:07:51 INFO analysis 已合并 3044 只 (累计 3104 只)
07-31 10:07:51 INFO 推送: ≥55 候选 0 只, Top3 中新推送 0 只
08-03 09:26:25 INFO 竞价当日数据未就绪（返回0条），20s 后重试...
08-03 09:26:45 INFO 竞价当日数据未就绪（返回0条），20s 后重试...
08-03 09:27:05 INFO 竞价当日数据未就绪（返回0条），20s 后重试...
08-03 09:27:25 INFO 竞价当日数据未就绪（返回0条），20s 后重试...
08-03 09:27:45 INFO 竞价当日数据未就绪（返回0条），20s 后重试...
08-03 09:28:05 INFO 竞价当日数据未就绪（返回0条），20s 后重试...
08-03 09:28:25 INFO 竞价当日数据未就绪（返回0条），20s 后重试...
08-03 09:28:45 INFO 竞价当日数据未就绪（返回0条），20s 后重试...
08-03 09:29:05 INFO 竞价当日数据未就绪（返回0条），20s 后重试...
08-03 09:29:25 INFO 竞价当日数据未就绪（返回0条），20s 后重试...
08-03 09:29:45 INFO 竞价当日数据未就绪（返回0条），20s 后重试...
08-03 09:30:05 INFO 竞价当日数据未就绪（返回0条），20s 后重试...
08-03 09:30:25 INFO 竞价当日数据未就绪（返回0条），20s 后重试...
08-03 09:30:45 INFO 竞价当日数据未就绪（返回0条），20s 后重试...
08-03 09:31:05 INFO 竞价当日数据未就绪（返回0条），20s 后重试...
08-03 09:31:25 INFO 竞价当日数据未就绪（返回0条），20s 后重试...
08-03 09:31:45 INFO 竞价当日数据未就绪（返回0条），20s 后重试...
08-03 09:32:05 INFO 竞价当日数据未就绪（返回0条），20s 后重试...
08-03 09:32:25 INFO 竞价当日数据未就绪（返回0条），20s 后重试...
08-03 09:32:45 INFO 竞价当日数据未就绪（返回0条），20s 后重试...
08-03 09:33:05 INFO 竞价当日数据未就绪（返回0条），20s 后重试...
08-03 09:33:25 INFO 竞价当日数据未就绪（返回0条），20s 后重试...
08-03 09:33:45 INFO 竞价当日数据未就绪（返回0条），20s 后重试...
08-03 09:34:05 INFO 竞价当日数据未就绪（返回0条），20s 后重试...
08-03 09:34:25 INFO 竞价当日数据未就绪（返回0条），20s 后重试...
08-03 09:34:45 INFO 竞价当日数据未就绪（返回0条），20s 后重试...
08-03 09:35:05 INFO 竞价当日数据未就绪（返回0条），20s 后重试...
08-03 09:35:25 INFO 竞价当日数据未就绪（返回0条），20s 后重试...
08-03 09:35:45 INFO 竞价当日数据未就绪（返回0条），20s 后重试...
08-03 09:36:05 INFO 竞价当日数据未就绪（返回0条），20s 后重试...
08-03 09:36:27 ERROR 20260803 竞价数据(stk_auction)等待 600s 仍无当日数据，面板 auc_* 维持 T-1 夜间值
08-03 09:36:27 INFO 面板 4993 只，开始全量评分
08-03 09:36:28 INFO 模型评分完成: 4993 只, 0.8s, max=71.6 mean=9.8 ≥50=31只
08-03 09:36:28 INFO model_score 已全量写回面板
08-03 09:36:28 INFO analysis 已合并 3043 只 (累计 3101 只)
08-03 09:36:29 INFO 推送: ≥50 候选 19 只, Top3 中新推送 0 只
08-03 09:57:14 INFO 竞价拉取成功: 全市场 7873 只
08-03 09:57:14 INFO 面板竞价刷新完成: 4991/4993 只 (auc_*+auc_pct+shortterm)
08-03 09:57:58 INFO 面板 4993 只，开始全量评分
08-03 09:57:59 INFO 模型评分完成: 4993 只, 1.0s, max=69.6 mean=13.7 ≥50=19只
08-03 09:58:00 INFO model_score 已全量写回面板
08-03 09:58:00 INFO analysis 已合并 3043 只 (累计 3101 只)
08-03 09:58:01 INFO 推送: ≥50 候选 8 只, Top3 中新推送 0 只
08-04 09:26:02 INFO 竞价当日数据未就绪（返回0条），60s 后重试...
08-04 09:27:02 INFO 竞价当日数据未就绪（返回0条），60s 后重试...
08-04 09:28:02 INFO 竞价当日数据未就绪（返回0条），60s 后重试...
08-04 09:29:02 INFO 竞价当日数据未就绪（返回0条），60s 后重试...
08-04 09:30:02 INFO 竞价当日数据未就绪（返回0条），60s 后重试...
08-04 09:31:02 INFO 竞价当日数据未就绪（返回0条），60s 后重试...
08-04 09:32:02 INFO 竞价当日数据未就绪（返回0条），60s 后重试...
08-04 09:33:02 INFO 竞价当日数据未就绪（返回0条），60s 后重试...
08-04 09:34:02 INFO 竞价当日数据未就绪（返回0条），60s 后重试...
08-04 09:35:02 INFO 竞价当日数据未就绪（返回0条），60s 后重试...
08-04 09:36:03 ERROR 20260804 竞价数据(stk_auction)等待 600s 仍无当日数据，面板 auc_* 维持 T-1 夜间值
08-04 09:36:03 INFO 面板 4992 只，开始全量评分
08-04 09:36:03 INFO 模型评分完成: 4992 只, 0.8s, max=57.6 mean=7.1 ≥50=7只
08-04 09:36:03 INFO model_score 已全量写回面板
08-04 09:36:04 INFO analysis 已合并 3042 只 (累计 3047 只)
08-04 09:36:04 INFO 推送: ≥50 候选 6 只, Top3 中新推送 0 只
08-04 09:51:01 INFO 竞价拉取成功: 全市场 7878 只
08-04 09:51:02 INFO 面板竞价刷新完成: 4992/4992 只 (auc_*+auc_pct+shortterm)
08-04 09:51:02 INFO 面板 4992 只，开始全量评分
08-04 09:51:03 INFO 模型评分完成: 4992 只, 1.1s, max=61.2 mean=13.5 ≥50=9只
08-04 09:51:03 INFO model_score 已全量写回面板
08-04 09:51:03 INFO analysis 已合并 3042 只 (累计 3047 只)
08-04 09:51:04 INFO 推送: ≥50 候选 6 只, Top3 中新推送 0 只
08-04 10:12:44 INFO 竞价拉取成功: 全市场 7878 只
08-04 10:12:45 INFO 面板竞价刷新完成: 4992/4992 只 (auc_*+auc_pct+shortterm)
08-04 10:12:45 INFO 面板 4992 只，开始全量评分
08-04 10:12:46 INFO 模型评分完成: 4992 只, 0.9s, max=62.0 mean=13.0 ≥50=9只
08-04 10:12:46 INFO model_score 已全量写回面板
08-04 10:12:46 INFO analysis 已合并 3042 只 (累计 3046 只)
08-04 10:12:47 INFO 推送: ≥50 候选 5 只, Top3 中新推送 0 只
08-05 09:26:06 INFO 竞价当日数据未就绪（返回0条），60s 后重试...
08-05 09:27:06 INFO 竞价拉取成功: 全市场 3434 只
08-05 09:27:07 INFO 面板竞价刷新完成: 2224/4993 只 (auc_*+auc_pct+shortterm)
08-05 09:27:07 INFO 面板 4993 只，开始全量评分
08-05 09:27:08 INFO 模型评分完成: 4993 只, 0.8s, max=66.1 mean=17.8 ≥50=16只
08-05 09:27:08 INFO model_score 已全量写回面板
08-05 09:27:08 INFO analysis 已合并 3043 只 (累计 3053 只)
08-05 09:27:08 INFO 推送: ≥50 候选 8 只, Top3 中新推送 0 只
08-05 09:52:34 INFO 竞价拉取成功: 全市场 7878 只
08-05 09:52:35 INFO 面板竞价刷新完成: 4993/4993 只 (auc_*+auc_pct+shortterm)
08-05 09:52:35 INFO 面板 4993 只，开始全量评分
08-05 09:52:36 INFO 模型评分完成: 4993 只, 1.2s, max=66.1 mean=17.8 ≥50=16只
08-05 09:52:36 INFO model_score 已全量写回面板
08-05 09:52:37 INFO analysis 已合并 3043 只 (累计 3053 只)
08-05 09:52:37 INFO 推送: ≥50 候选 8 只, Top3 中新推送 0 只
08-05 09:52:37 INFO ===== 20260726 早盘流程启动 =====
08-05 09:52:37 INFO 20260726 非交易日，退出
08-05 09:52:50 INFO 面板 4993 只，开始全量评分
08-05 09:52:51 INFO 模型评分完成: 4993 只, 0.9s, max=66.1 mean=17.8 ≥50=16只
08-05 09:52:51 INFO model_score 已全量写回面板
08-05 09:52:51 INFO analysis 已合并 3043 只 (累计 3053 只)
08-05 09:52:51 INFO 推送: ≥50 候选 8 只, Top3 中新推送 0 只
08-05 09:53:42 INFO 竞价拉取成功: 全市场 7878 只
08-05 09:53:42 INFO 面板竞价刷新完成: 4993/4993 只 (auc_*+auc_pct+shortterm)
08-05 09:53:42 INFO 面板 4993 只，开始全量评分
08-05 09:53:43 INFO 模型评分完成: 4993 只, 0.9s, max=66.1 mean=17.8 ≥50=16只
08-05 09:53:43 INFO model_score 已全量写回面板
08-05 09:53:43 INFO analysis 已合并 3043 只 (累计 3053 只)
08-05 09:53:43 INFO 推送: ≥50 候选 8 只, Top3 中新推送 0 只
08-05 09:53:44 INFO ===== 20260726 早盘流程启动 =====
08-05 09:53:44 INFO 20260726 非交易日，退出
08-05 09:54:40 INFO 竞价拉取成功: 全市场 7878 只
08-05 09:54:41 INFO 面板竞价刷新完成: 4993/4993 只 (auc_*+auc_pct+shortterm)
08-05 09:54:41 INFO 面板 4993 只，开始全量评分
08-05 09:54:42 INFO 模型评分完成: 4993 只, 1.0s, max=66.1 mean=17.8 ≥50=16只
08-05 09:54:42 INFO model_score 已全量写回面板
08-05 09:54:42 INFO analysis 已合并 3043 只 (累计 3053 只)
08-05 09:54:42 INFO 推送: ≥50 候选 8 只, Top3 中新推送 0 只
08-05 09:54:42 INFO ===== 20260726 早盘流程启动 =====
08-05 09:54:42 INFO 20260726 非交易日，退出
08-06 09:26:04 INFO 竞价当日数据未就绪（返回0条），60s 后重试...
08-06 09:27:04 INFO 竞价拉取成功: 全市场 2352 只
08-06 09:27:05 INFO 面板竞价刷新完成: 2224/4995 只 (auc_*+auc_pct+shortterm)
08-06 09:27:05 INFO 面板 4995 只，开始全量评分
08-06 09:27:06 INFO 模型评分完成: 4995 只, 0.9s, max=64.7 mean=16.8 ≥50=12只
08-06 09:27:06 INFO model_score 已全量写回面板
08-06 09:27:06 INFO analysis 已合并 3044 只 (累计 3052 只)
08-06 09:27:08 INFO 推送: ≥50 候选 5 只, Top3 中新推送 0 只
08-06 15:25:58 INFO 竞价拉取成功: 全市场 7882 只
08-06 15:25:58 INFO 面板竞价刷新完成: 4995/4995 只 (auc_*+auc_pct+shortterm)
08-06 15:25:58 INFO 面板 4995 只，开始全量评分
08-06 15:25:59 INFO 模型评分完成: 4995 只, 0.8s, max=64.7 mean=16.8 ≥50=12只
08-06 15:25:59 INFO model_score 已全量写回面板
08-06 15:25:59 INFO analysis 已合并 3044 只 (累计 3052 只)
08-06 15:25:59 INFO 推送: ≥50 候选 5 只, Top3 中新推送 0 只
08-06 15:26:00 INFO ===== 20260726 早盘流程启动 =====
08-06 15:26:00 INFO 20260726 非交易日，退出
08-07 09:26:04 INFO 竞价当日数据未就绪（返回0条），60s 后重试...
08-07 09:27:04 INFO 竞价拉取成功: 全市场 3439 只
08-07 09:27:05 INFO 面板竞价刷新完成: 2226/4997 只 (auc_*+auc_pct+shortterm)
08-07 09:27:05 INFO 面板 4997 只，开始全量评分
08-07 09:27:06 INFO 模型评分完成: 4997 只, 0.8s, max=65.3 mean=16.2 ≥50=9只
08-07 09:27:06 INFO model_score 已全量写回面板
08-07 09:27:06 INFO analysis 已合并 3046 只 (累计 3057 只)
08-07 09:27:08 INFO 推送: ≥50 候选 6 只, Top3 中新推送 0 只
08-10 09:26:07 INFO 竞价当日数据未就绪（返回0条），60s 后重试...
08-10 09:27:07 INFO 竞价拉取成功: 全市场 7551 只
08-10 09:27:08 INFO 面板竞价刷新完成: 4999/4999 只 (auc_*+auc_pct+shortterm)
08-10 09:27:08 INFO 面板 4999 只，开始全量评分
08-10 09:27:09 INFO 模型评分完成: 4999 只, 0.8s, max=58.8 mean=16.5 ≥50=10只
08-10 09:27:09 INFO model_score 已全量写回面板
08-10 09:27:09 INFO analysis 已合并 3046 只 (累计 3058 只)
08-10 09:27:11 INFO 推送: ≥50 候选 6 只, Top3 中新推送 0 只
08-11 09:26:13 INFO 竞价当日数据未就绪（返回0条），60s 后重试...
08-11 09:27:13 INFO 竞价拉取成功: 全市场 7890 只
08-11 09:27:14 INFO 面板竞价刷新完成: 4999/5001 只 (auc_*+auc_pct+shortterm)
08-11 09:27:14 INFO 面板 5001 只，开始全量评分
08-11 09:27:15 INFO 模型评分完成: 5001 只, 0.8s, max=75.8 mean=14.5 ≥50=2只
08-11 09:27:15 INFO model_score 已全量写回面板
08-11 09:27:15 INFO analysis 已合并 3046 只 (累计 3053 只)
08-11 09:27:15 INFO 推送: ≥50 候选 0 只, Top3 中新推送 0 只
08-12 09:26:05 INFO 竞价当日数据未就绪（返回0条），60s 后重试...
08-12 09:27:05 INFO 竞价拉取成功: 全市场 3441 只
08-12 09:27:06 INFO 面板竞价刷新完成: 2225/5001 只 (auc_*+auc_pct+shortterm)
08-12 09:27:06 INFO 面板 5001 只，开始全量评分
08-12 09:27:07 INFO 模型评分完成: 5001 只, 0.8s, max=84.7 mean=2.7 ≥50=8只
08-12 09:27:07 INFO model_score 已全量写回面板
08-12 09:27:07 INFO analysis 已合并 3044 只 (累计 3049 只)
08-12 09:27:09 INFO 推送: ≥50 候选 5 只, Top3 中新推送 0 只
08-13 09:26:02 INFO 竞价当日数据未就绪（返回0条），60s 后重试...
08-13 09:27:03 INFO 竞价拉取成功: 全市场 2351 只
08-13 09:27:03 INFO 面板竞价刷新完成: 2225/5001 只 (auc_*+auc_pct+shortterm)
08-13 09:27:03 INFO 面板 5001 只，开始全量评分
08-13 09:27:04 INFO 模型评分完成: 5001 只, 0.7s, max=88.8 mean=2.8 ≥50=7只
08-13 09:27:04 INFO model_score 已全量写回面板
08-13 09:27:04 INFO analysis 已合并 3044 只 (累计 3048 只)
08-13 09:27:06 INFO 推送: ≥50 候选 3 只, Top3 中新推送 0 只
08-14 09:26:01 INFO 竞价当日数据未就绪（返回0条），60s 后重试...
08-14 09:27:01 INFO 竞价当日数据未就绪（返回0条），60s 后重试...
08-14 09:28:01 INFO 竞价拉取成功: 全市场 7896 只
08-14 09:28:02 INFO 面板竞价刷新完成: 5002/5002 只 (auc_*+auc_pct+shortterm)
08-14 09:28:02 INFO 面板 5002 只，开始全量评分
08-14 09:28:03 INFO 模型评分完成: 5002 只, 1.0s, max=72.6 mean=3.4 ≥50=8只
08-14 09:28:03 INFO model_score 已全量写回面板
08-14 09:28:03 INFO analysis 已合并 3044 只 (累计 3052 只)
08-14 09:28:05 INFO 推送: ≥50 候选 5 只, Top3 中新推送 0 只
08-17 09:26:08 INFO 竞价当日数据未就绪（返回0条），60s 后重试...
08-17 09:27:08 INFO 竞价拉取成功: 全市场 7896 只
08-17 09:27:09 INFO 面板竞价刷新完成: 5002/5002 只 (auc_*+auc_pct+shortterm)
08-17 09:27:09 INFO 面板 5002 只，开始全量评分
08-17 09:27:10 INFO 模型评分完成: 5002 只, 0.8s, max=61.0 mean=3.4 ≥50=7只
08-17 09:27:10 INFO model_score 已全量写回面板
08-17 09:27:10 INFO analysis 已合并 3044 只 (累计 3046 只)
08-17 09:27:12 INFO 推送: ≥50 候选 5 只, Top3 中新推送 0 只
08-18 09:26:24 INFO 竞价当日数据未就绪（返回0条），60s 后重试...
08-18 09:27:24 INFO 竞价拉取成功: 全市场 7901 只
08-18 09:27:25 INFO 面板竞价刷新完成: 5000/5000 只 (auc_*+auc_pct+shortterm)
08-18 09:27:25 INFO 面板 5000 只，开始全量评分
08-18 09:27:26 INFO 模型评分完成: 5000 只, 0.8s, max=69.8 mean=3.1 ≥50=10只
08-18 09:27:26 INFO model_score 已全量写回面板
08-18 09:27:26 INFO analysis 已合并 3042 只 (累计 3045 只)
08-18 09:27:28 INFO 推送: ≥50 候选 2 只, Top3 中新推送 0 只
08-19 09:26:21 INFO 竞价当日数据未就绪（返回0条），60s 后重试...
08-19 09:27:21 INFO 竞价拉取成功: 全市场 7907 只
08-19 09:27:22 INFO 面板竞价刷新完成: 5001/5001 只 (auc_*+auc_pct+shortterm)
08-19 09:27:22 INFO 面板 5001 只，开始全量评分
08-19 09:27:23 INFO 模型评分完成: 5001 只, 1.3s, max=74.9 mean=2.8 ≥50=11只
08-19 09:27:23 INFO model_score 已全量写回面板
08-19 09:27:23 INFO analysis 已合并 3042 只 (累计 3046 只)
08-19 09:27:26 INFO 推送: ≥50 候选 8 只, Top3 中新推送 0 只
08-20 09:26:10 INFO 竞价当日数据未就绪（返回0条），60s 后重试...
08-20 09:27:10 INFO 竞价拉取成功: 全市场 7909 只
08-20 09:27:10 INFO 面板竞价刷新完成: 5001/5001 只 (auc_*+auc_pct+shortterm)
08-20 09:27:10 INFO 面板 5001 只，开始全量评分
08-20 09:27:11 INFO 模型评分完成: 5001 只, 1.0s, max=79.2 mean=9.0 ≥50=38只
08-20 09:27:11 INFO model_score 已全量写回面板
08-20 09:27:12 INFO analysis 已合并 3042 只 (累计 3051 只)
08-20 09:27:14 INFO 推送: ≥50 候选 18 只, Top3 中新推送 0 只
08-21 09:26:25 INFO 竞价当日数据未就绪（返回0条），60s 后重试...
08-21 09:27:26 INFO 竞价拉取成功: 全市场 7914 只
08-21 09:27:26 INFO 面板竞价刷新完成: 5001/5001 只 (auc_*+auc_pct+shortterm)
08-21 09:27:26 INFO 面板 5001 只，开始全量评分
08-21 09:27:27 INFO 模型评分完成: 5001 只, 0.9s, max=80.1 mean=4.8 ≥50=14只
08-21 09:27:27 INFO model_score 已全量写回面板
08-21 09:27:27 INFO analysis 已合并 3041 只 (累计 3051 只)
08-21 09:27:29 INFO 推送: ≥50 候选 11 只, Top3 中新推送 0 只
08-24 09:26:16 INFO 竞价当日数据未就绪（返回0条），60s 后重试...
08-24 09:27:16 INFO 竞价拉取成功: 全市场 7917 只
08-24 09:27:16 INFO 面板竞价刷新完成: 5002/5002 只 (auc_*+auc_pct+shortterm)
08-24 09:27:16 INFO 面板 5002 只，开始全量评分
08-24 09:27:18 INFO 模型评分完成: 5002 只, 1.4s, max=75.0 mean=3.9 ≥50=9只
08-24 09:27:18 INFO model_score 已全量写回面板
08-24 09:27:18 INFO analysis 已合并 3041 只 (累计 3042 只)
08-24 09:27:20 INFO 推送: ≥50 候选 4 只, Top3 中新推送 0 只
08-25 09:26:04 INFO 竞价当日数据未就绪（返回0条），60s 后重试...
08-25 09:27:04 INFO 竞价拉取成功: 全市场 2354 只
08-25 09:27:05 INFO 面板竞价刷新完成: 2229/5005 只 (auc_*+auc_pct+shortterm)
08-25 09:27:05 INFO 面板 5005 只，开始全量评分
08-25 09:27:07 INFO 模型评分完成: 5005 只, 2.3s, max=84.1 mean=4.1 ≥50=7只
08-25 09:27:07 INFO model_score 已全量写回面板
08-25 09:27:07 INFO analysis 已合并 3044 只 (累计 3051 只)
08-25 09:27:09 INFO 推送: ≥50 候选 5 只, Top3 中新推送 0 只
08-26 09:26:09 INFO 竞价当日数据未就绪（返回0条），60s 后重试...
08-26 09:27:10 INFO 竞价拉取成功: 全市场 7918 只
08-26 09:27:10 INFO 面板竞价刷新完成: 5007/5007 只 (auc_*+auc_pct+shortterm)
08-26 09:27:10 INFO 面板 5007 只，开始全量评分
08-26 09:27:12 INFO 模型评分完成: 5007 只, 1.7s, max=78.1 mean=4.0 ≥50=14只
08-26 09:27:12 INFO model_score 已全量写回面板
08-26 09:27:12 INFO analysis 已合并 3045 只 (累计 3053 只)
08-26 09:27:14 INFO 推送: ≥50 候选 6 只, Top3 中新推送 0 只
08-27 09:26:01 INFO 竞价当日数据未就绪（返回0条），60s 后重试...
08-27 09:27:01 INFO 竞价当日数据未就绪（返回0条），60s 后重试...
08-27 09:28:01 INFO 竞价拉取成功: 全市场 7920 只
08-27 09:28:02 INFO 面板竞价刷新完成: 5008/5008 只 (auc_*+auc_pct+shortterm)
08-27 09:28:02 INFO 面板 5008 只，开始全量评分
08-27 09:28:03 INFO 模型评分完成: 5008 只, 1.6s, max=71.8 mean=3.4 ≥50=11只
08-27 09:28:03 INFO model_score 已全量写回面板
08-27 09:28:03 INFO analysis 已合并 3046 只 (累计 3056 只)
08-27 09:28:06 INFO 推送: ≥50 候选 5 只, Top3 中新推送 0 只
08-27 15:37:29 WARNING 板块池: moneyflow 20260826 缺失，跳过
08-27 15:39:34 INFO 板块池(T-1=20260826): 30 只 = top5涨停板块×top10净流入
08-27 15:43:36 INFO 板块池(T-1=20260826): 32 只 = top5涨停板块×top10净流入
08-28 09:26:13 INFO 竞价当日数据未就绪（返回0条），60s 后重试...
08-28 09:27:13 INFO 竞价拉取成功: 全市场 7922 只
08-28 09:27:14 INFO 面板竞价刷新完成: 5009/5009 只 (auc_*+auc_pct+shortterm)
08-28 09:27:14 INFO 面板 5009 只，开始全量评分
08-28 09:27:15 INFO 模型评分完成: 5009 只, 1.6s, max=82.6 mean=3.2 ≥50=9只
08-28 09:27:16 INFO 板块池(T-1=20260827): 33 只 = top5涨停板块×top10净流入
08-28 09:27:16 INFO need_watch: 148 只（主闸≥20 ∪ 板块池）
08-28 09:27:16 INFO model_score 已全量写回面板
08-28 09:27:16 INFO watchdog 盯盘池已写: 117 只（source=panel）
08-28 09:27:16 INFO analysis 已合并 3047 只 (累计 3051 只)
08-28 09:27:18 INFO 推送: ≥50 候选 2 只, Top3 中新推送 0 只
08-31 09:26:28 INFO 竞价当日数据未就绪（返回0条），60s 后重试...
08-31 09:27:29 INFO 竞价当日数据未就绪（返回0条），60s 后重试...
08-31 09:28:29 INFO 竞价当日数据未就绪（返回0条），60s 后重试...
08-31 09:29:29 INFO 竞价当日数据未就绪（返回0条），60s 后重试...
08-31 09:30:29 INFO 竞价当日数据未就绪（返回0条），60s 后重试...
08-31 09:31:30 INFO 竞价当日数据未就绪（返回0条），60s 后重试...
08-31 09:32:30 INFO 竞价当日数据未就绪（返回0条），60s 后重试...
08-31 09:33:30 INFO 竞价当日数据未就绪（返回0条），60s 后重试...
08-31 09:34:30 INFO 竞价当日数据未就绪（返回0条），60s 后重试...
08-31 09:35:31 INFO 竞价当日数据未就绪（返回0条），60s 后重试...
08-31 09:36:31 ERROR 20260831 竞价数据(stk_auction)等待 600s 仍无当日数据，面板 auc_* 维持 T-1 夜间值
08-31 09:36:32 INFO 面板 5008 只，开始全量评分
08-31 09:36:32 INFO 模型评分完成: 5008 只, 0.8s, max=75.6 mean=3.2 ≥50=13只
08-31 09:36:33 INFO 板块池(T-1=20260828): 34 只 = top5涨停板块×top10净流入
08-31 09:36:33 INFO need_watch: 153 只（主闸≥20 ∪ 板块池）
08-31 09:36:33 INFO model_score 已全量写回面板
08-31 09:36:33 INFO watchdog 盯盘池已写: 127 只（source=panel）
08-31 09:36:33 INFO analysis 已合并 3046 只 (累计 3060 只)
08-31 09:36:34 INFO 推送: ≥50 候选 5 只, Top3 中新推送 0 只
09-01 09:26:08 INFO 竞价当日数据未就绪（返回0条），60s 后重试...
09-01 09:27:08 INFO 竞价拉取成功: 全市场 3453 只
09-01 09:27:08 INFO 面板竞价刷新完成: 2231/5007 只 (auc_*+auc_pct+shortterm)
09-01 09:27:08 INFO 面板 5007 只，开始全量评分
09-01 09:27:10 INFO 模型评分完成: 5007 只, 1.6s, max=88.2 mean=3.5 ≥50=15只
09-01 09:27:11 INFO 板块池(T-1=20260831): 39 只 = top5涨停板块×top10净流入
09-01 09:27:11 INFO need_watch: 159 只（主闸≥20 ∪ 板块池）
09-01 09:27:11 INFO model_score 已全量写回面板
09-01 09:27:11 INFO watchdog 盯盘池已写: 139 只（source=panel）
09-01 09:27:11 INFO analysis 已合并 3047 只 (累计 3050 只)
09-01 09:27:13 INFO 推送: ≥50 候选 14 只, Top3 中新推送 0 只
09-02 09:26:29 INFO 竞价当日数据未就绪（返回0条），60s 后重试...
09-02 09:27:30 INFO 竞价拉取成功: 全市场 7930 只
09-02 09:27:30 INFO 面板竞价刷新完成: 5009/5009 只 (auc_*+auc_pct+shortterm)
09-02 09:27:30 INFO 面板 5009 只，开始全量评分
09-02 09:27:32 INFO 模型评分完成: 5009 只, 1.5s, max=88.5 mean=2.9 ≥50=10只
09-02 09:27:32 INFO 板块池(T-1=20260901): 25 只 = top5涨停板块×top10净流入
09-02 09:27:32 INFO need_watch: 112 只（主闸≥20 ∪ 板块池）
09-02 09:27:32 INFO model_score 已全量写回面板
09-02 09:27:32 INFO watchdog 盯盘池已写: 99 只（source=panel）
09-02 09:27:33 INFO analysis 已合并 3048 只 (累计 3053 只)
09-02 09:27:33 INFO 推送: ≥50 候选 0 只, Top3 中新推送 0 只
09-03 09:26:05 INFO 竞价当日数据未就绪（返回0条），60s 后重试...
09-03 09:27:05 INFO 竞价拉取成功: 全市场 2355 只
09-03 09:27:06 INFO 面板竞价刷新完成: 2232/5011 只 (auc_*+auc_pct+shortterm)
09-03 09:27:06 INFO 面板 5011 只，开始全量评分
09-03 09:27:07 INFO 模型评分完成: 5011 只, 1.5s, max=91.5 mean=3.3 ≥50=8只
09-03 09:27:07 INFO 板块池(T-1=20260902): 19 只 = top5涨停板块×top10净流入
09-03 09:27:07 INFO need_watch: 156 只（主闸≥20 ∪ 板块池）
09-03 09:27:07 INFO model_score 已全量写回面板
09-03 09:27:07 INFO watchdog 盯盘池已写: 127 只（source=panel）
09-03 09:27:08 INFO analysis 已合并 3049 只 (累计 3051 只)
09-03 09:27:10 INFO 推送: ≥50 候选 6 只, Top3 中新推送 0 只
09-04 09:26:00 INFO 竞价当日数据未就绪（返回0条），60s 后重试...
09-04 09:27:00 INFO 竞价当日数据未就绪（返回0条），60s 后重试...
09-04 09:28:01 INFO 竞价拉取成功: 全市场 7938 只
09-04 09:28:01 INFO 面板竞价刷新完成: 5011/5011 只 (auc_*+auc_pct+shortterm)
09-04 09:28:01 INFO 面板 5011 只，开始全量评分
09-04 09:28:03 INFO 模型评分完成: 5011 只, 1.6s, max=80.3 mean=4.5 ≥50=7只
09-04 09:28:03 INFO 板块池(T-1=20260903): 23 只 = top5涨停板块×top10净流入
09-04 09:28:03 INFO need_watch: 195 只（主闸≥20 ∪ 板块池）
09-04 09:28:03 INFO model_score 已全量写回面板
09-04 09:28:03 INFO watchdog 盯盘池已写: 143 只（source=panel）
09-04 09:28:03 INFO analysis 已合并 3049 只 (累计 3052 只)
09-04 09:28:06 INFO 推送: ≥50 候选 5 只, Top3 中新推送 0 只
09-07 09:26:08 INFO 竞价当日数据未就绪（返回0条），60s 后重试...
09-07 09:27:08 INFO 竞价拉取成功: 全市场 7599 只
09-07 09:27:09 INFO 面板竞价刷新完成: 5009/5010 只 (auc_*+auc_pct+shortterm)
09-07 09:27:09 INFO 面板 5010 只，开始全量评分
09-07 09:27:11 INFO 模型评分完成: 5010 只, 1.8s, max=72.5 mean=5.6 ≥50=9只
09-07 09:27:12 INFO 板块池(T-1=20260904): 31 只 = top5涨停板块×top10净流入
09-07 09:27:12 INFO need_watch: 291 只（主闸≥20 ∪ 板块池）
09-07 09:27:12 INFO model_score 已全量写回面板
09-07 09:27:12 INFO watchdog 盯盘池已写: 226 只（source=panel）
09-07 09:27:12 INFO analysis 已合并 3048 只 (累计 3055 只)
09-07 09:27:14 INFO 推送: ≥50 候选 5 只, Top3 中新推送 0 只
09-08 09:26:13 INFO 竞价当日数据未就绪（返回0条），60s 后重试...
09-08 09:27:13 INFO 竞价拉取成功: 全市场 7940 只
09-08 09:27:14 INFO 面板竞价刷新完成: 5009/5010 只 (auc_*+auc_pct+shortterm)
09-08 09:27:14 INFO 面板 5010 只，开始全量评分
09-08 09:27:15 INFO 模型评分完成: 5010 只, 1.6s, max=81.2 mean=3.3 ≥50=11只
09-08 09:27:16 INFO 板块池(T-1=20260907): 41 只 = top5涨停板块×top10净流入
09-08 09:27:16 INFO need_watch: 156 只（主闸≥20 ∪ 板块池）
09-08 09:27:16 INFO model_score 已全量写回面板
09-08 09:27:16 INFO watchdog 盯盘池已写: 140 只（source=panel）
09-08 09:27:16 INFO analysis 已合并 3047 只 (累计 3049 只)
09-08 09:27:18 INFO 推送: ≥50 候选 5 只, Top3 中新推送 0 只
09-09 09:26:12 INFO 竞价当日数据未就绪（返回0条），60s 后重试...
09-09 09:27:12 INFO 竞价拉取成功: 全市场 7940 只
09-09 09:27:13 INFO 面板竞价刷新完成: 5008/5009 只 (auc_*+auc_pct+shortterm)
09-09 09:27:13 INFO 面板 5009 只，开始全量评分
09-09 09:27:14 INFO 模型评分完成: 5009 只, 1.5s, max=76.9 mean=3.9 ≥50=11只
09-09 09:27:15 INFO 板块池(T-1=20260908): 28 只 = top5涨停板块×top10净流入
09-09 09:27:15 INFO need_watch: 163 只（主闸≥20 ∪ 板块池）
09-09 09:27:15 INFO model_score 已全量写回面板
09-09 09:27:15 INFO watchdog 盯盘池已写: 136 只（source=panel）
09-09 09:27:15 INFO analysis 已合并 3047 只 (累计 3051 只)
09-09 09:27:17 INFO 推送: ≥50 候选 5 只, Top3 中新推送 0 只
09-10 09:26:14 INFO 竞价当日数据未就绪（返回0条），60s 后重试...
09-10 09:27:14 INFO 竞价拉取成功: 全市场 7943 只
09-10 09:27:14 INFO 面板竞价刷新完成: 5008/5009 只 (auc_*+auc_pct+shortterm)
09-10 09:27:14 INFO 面板 5009 只，开始全量评分
09-10 09:27:16 INFO 模型评分完成: 5009 只, 1.7s, max=87.3 mean=3.6 ≥50=16只
09-10 09:27:17 INFO 板块池(T-1=20260909): 35 只 = top5涨停板块×top10净流入
09-10 09:27:17 INFO need_watch: 184 只（主闸≥20 ∪ 板块池）
09-10 09:27:17 INFO model_score 已全量写回面板
09-10 09:27:17 INFO watchdog 盯盘池已写: 156 只（source=panel）
09-10 09:27:17 INFO analysis 已合并 3046 只 (累计 3051 只)
09-10 09:27:19 INFO 推送: ≥50 候选 10 只, Top3 中新推送 0 只
