[ws_daemon] 启动, 初始订阅 L1=46 L2=46
[jvQuant WS] 已连接
[ws_daemon] WS 已连接, L1=46 L2=46 分批订阅完成
[ws_daemon] 已停止
[ws_daemon] 启动, 初始订阅 L1=46 L2=46
[jvQuant WS] 已连接
[ws_daemon] WS 已连接, L1=46 L2=46 分批订阅完成
[ws_daemon] 已停止
[ws_daemon] 启动, 初始订阅 L1=46 L2=46
[jvQuant WS] 已连接
[ws_daemon] WS 已连接, L1=46 L2=46 分批订阅完成
2026-08-11 12:01:51 - websocket_client - ERROR - Connection to remote host was lost.
2026-08-11 12:01:51 - websocket - ERROR - Connection to remote host was lost. - goodbye
[jvQuant WS] 连接已断开，重新连接...
[jvQuant WS] 已连接
[ws_daemon] 重连后恢复 L1 订阅 37 只
[ws_daemon] 重连后恢复 L2 订阅 37 只
[ws_daemon] L1新增订阅 10 只
[ws_daemon] L1新增订阅 9 只
[ws_daemon] L1新增订阅 1 只
[ws_daemon] L1新增订阅 1 只
[ws_daemon] L1新增订阅 1 只
[ws_daemon] L1新增订阅 1 只
[ws_daemon] L1新增订阅 34 只
[ws_daemon] L1新增订阅 1 只
[ws_daemon] L1新增订阅 34 只
[ws_daemon] L1新增订阅 1 只
[ws_daemon] L1新增订阅 33 只
[ws_daemon] L1新增订阅 1 只
[ws_daemon] 收盘(1500), 休眠 18.4h 到 08-12 09:25
2026-08-11 16:01:52 - websocket_client - ERROR - Connection to remote host was lost.
2026-08-11 16:01:52 - websocket - ERROR - Connection to remote host was lost. - goodbye
[jvQuant WS] 连接已断开，重新连接...
[jvQuant WS] 已连接
[ws_daemon] 重连后恢复 L1 订阅 22 只
[ws_daemon] 重连后恢复 L2 订阅 22 只
[ws_daemon] L1新增订阅 15 只
[ws_daemon] L1新增订阅 1 只
[ws_daemon] L1新增订阅 2 只
[ws_daemon] L1新增订阅 1 只
[ws_daemon] L1新增订阅 1 只
[ws_daemon] L1新增订阅 26 只
[ws_daemon] L1新增订阅 1 只
[ws_daemon] L1新增订阅 1 只
[ws_daemon] L1新增订阅 1 只
[ws_daemon] L1新增订阅 1 只
[ws_daemon] L1新增订阅 1 只
[ws_daemon] L1新增订阅 2 只
[ws_daemon] L1新增订阅 1 只
[ws_daemon] L1新增订阅 1 只
[ws_daemon] L1新增订阅 1 只
[ws_daemon] L1新增订阅 1 只
[ws_daemon] L1新增订阅 1 只
[ws_daemon] L1新增订阅 1 只
[ws_daemon] L1新增订阅 1 只
[ws_daemon] L1新增订阅 1 只
[ws_daemon] L1新增订阅 39 只
2026-08-12 12:01:52 - websocket_client - ERROR - Connection to remote host was lost.
2026-08-12 12:01:52 - websocket - ERROR - Connection to remote host was lost. - goodbye
[jvQuant WS] 连接已断开，重新连接...
[jvQuant WS] 已连接
[ws_daemon] 重连后恢复 L1 订阅 39 只
[ws_daemon] 重连后恢复 L2 订阅 39 只
[ws_daemon] L1新增订阅 1 只
[ws_daemon] L1新增订阅 1 只
[ws_daemon] L1新增订阅 1 只
[ws_daemon] L1新增订阅 1 只
[ws_daemon] L1新增订阅 1 只
[ws_daemon] 收盘(1500), 休眠 18.4h 到 08-13 09:25
2026-08-12 16:01:51 - websocket_client - ERROR - Connection to remote host was lost.
2026-08-12 16:01:51 - websocket - ERROR - Connection to remote host was lost. - goodbye
[jvQuant WS] 连接已断开，重新连接...
[jvQuant WS] 已连接
[ws_daemon] 重连后恢复 L1 订阅 27 只
[ws_daemon] 重连后恢复 L2 订阅 27 只
[ws_daemon] L1新增订阅 56 只
[ws_daemon] L1新增订阅 14 只
[ws_daemon] L1新增订阅 6 只
[ws_daemon] L1新增订阅 3 只
[ws_daemon] L1新增订阅 3 只
[ws_daemon] L1新增订阅 2 只
[ws_daemon] L1新增订阅 4 只
[ws_daemon] L1新增订阅 2 只
[ws_daemon] L1新增订阅 1 只
[ws_daemon] L1新增订阅 4 只
[ws_daemon] L1新增订阅 1 只
[ws_daemon] L1新增订阅 1 只
[ws_daemon] L1新增订阅 2 只
[ws_daemon] L1新增订阅 1 只
[ws_daemon] L1新增订阅 1 只
[ws_daemon] L1新增订阅 124 只
[ws_daemon] L1新增订阅 1 只
[ws_daemon] L1新增订阅 1 只
[ws_daemon] L1新增订阅 2 只
[ws_daemon] L1新增订阅 1 只
[ws_daemon] L1新增订阅 2 只
[ws_daemon] L1新增订阅 1 只
[ws_daemon] 已停止
[ws_daemon] 启动, 初始订阅 L1=118 L2=118
[jvQuant WS] 已连接
[ws_daemon] WS 已连接, L1=118 L2=118 分批订阅完成
[ws_daemon] L1新增订阅 79 只
[ws_daemon] L1新增订阅 1 只
[ws_daemon] L1新增订阅 1 只
[ws_daemon] L1新增订阅 39 只
[ws_daemon] 已停止
[ws_daemon] 启动, 初始订阅 L1=39 L2=39
[jvQuant WS] 已连接
[ws_daemon] WS 已连接, L1=39 L2=39 分批订阅完成
2026-08-13 10:44:51 - websocket_client - ERROR - Connection to remote host was lost.
2026-08-13 10:44:51 - websocket - ERROR - Connection to remote host was lost. - goodbye
[jvQuant WS] 连接已断开，重新连接...
[jvQuant WS] 已连接
[ws_daemon] 重连后恢复 L1 订阅 39 只
[ws_daemon] 重连后恢复 L2 订阅 39 只
[ws_daemon] L1新增订阅 84 只
[ws_daemon] 启动, 初始订阅 L1=121 L2=121
[jvQuant WS] 已连接
[ws_daemon] WS 已连接, L1=121 L2=121 分批订阅完成
[ws_daemon] 已停止
[ws_daemon] 已停止
[ws_daemon] 启动, 初始订阅 L1=121 L2=121
[jvQuant WS] 已连接
[ws_daemon] WS 已连接, L1=121 L2=121 分批订阅完成
[ws_daemon] L1新增订阅 1 只
2026-08-13 11:01:18 - websocket_client - ERROR - Connection to remote host was lost.
2026-08-13 11:01:18 - websocket - ERROR - Connection to remote host was lost. - goodbye
[jvQuant WS] 连接已断开，重新连接...
[jvQuant WS] 已连接
[jvQuant WS] 订阅失败(OSError), 重连重试...
2026-08-13 11:01:21 - websocket_client - ERROR - Connection to remote host was lost.
2026-08-13 11:01:21 - websocket - ERROR - Connection to remote host was lost. - goodbye
[jvQuant WS] 已连接
[ws_daemon] WS 探活异常: [Errno 9] Bad file descriptor
2026-08-13 11:01:21 - websocket_client - ERROR - Connection to remote host was lost.
2026-08-13 11:01:21 - websocket - ERROR - Connection to remote host was lost. - goodbye
[jvQuant WS] 连接已断开，重新连接...
[jvQuant WS] 已连接2026-08-13 11:01:51 - websocket_client - ERROR - Connection to remote host was lost.

2026-08-13 11:01:51 - websocket - ERROR - Connection to remote host was lost. - goodbye
[jvQuant WS] 订阅失败(WebSocketConnectionClosedException), 重连重试...
[jvQuant WS] 已连接
[ws_daemon] WS 探活异常: [Errno 9] Bad file descriptor
2026-08-13 11:01:51 - websocket_client - ERROR - Connection to remote host was lost.
2026-08-13 11:01:51 - websocket - ERROR - Connection to remote host was lost. - goodbye
[jvQuant WS] 连接已断开，重新连接...
2026-08-13 11:02:21 - websocket_client - ERROR - 分配行情服务器地址失败,服务器响应:{"code":"-1","message":"token:56c686ccd2e41100a422d31766ab85ff 无效，请检查后再试。Token获取: https://jvQuant.com/register.html"}
[jvQuant WS] 已连接
[ws_daemon] 重连后恢复 L1 订阅 122 只
[ws_daemon] 重连后恢复 L2 订阅 122 只
[ws_daemon] 已停止
[ws_daemon] 启动, 初始订阅 L1=122 L2=122
[jvQuant WS] 已连接
[ws_daemon] WS 已连接, L1=122 L2=122 分批订阅完成
2026-08-13 11:05:22 - websocket_client - ERROR - Connection to remote host was lost.
2026-08-13 11:05:22 - websocket - ERROR - Connection to remote host was lost. - goodbye
[jvQuant WS] 连接已断开，重新连接...
[jvQuant WS] 已连接
[ws_daemon] 重连后恢复 L1 订阅 122 只
[ws_daemon] 重连后恢复 L2 订阅 122 只
2026-08-13 11:09:46 - websocket_client - ERROR - [Errno 104] Connection reset by peer
2026-08-13 11:09:46 - websocket - ERROR - [Errno 104] Connection reset by peer - goodbye
[jvQuant WS] 连接已断开，重新连接...
[jvQuant WS] 已连接
[ws_daemon] 重连后恢复 L1 订阅 122 只
[ws_daemon] 重连后恢复 L2 订阅 122 只
2026-08-13 11:12:46 - websocket_client - ERROR - [Errno 104] Connection reset by peer
2026-08-13 11:12:46 - websocket - ERROR - [Errno 104] Connection reset by peer - goodbye
[jvQuant WS] 订阅失败(WebSocketConnectionClosedException), 重连重试...
[jvQuant WS] 已连接
[ws_daemon] L1新增订阅 1 只
[ws_daemon] 重连后恢复 L1 订阅 123 只
[ws_daemon] 重连后恢复 L2 订阅 123 只
2026-08-13 11:17:17 - websocket_client - ERROR - [Errno 104] Connection reset by peer
2026-08-13 11:17:17 - websocket - ERROR - [Errno 104] Connection reset by peer - goodbye
[jvQuant WS] 连接已断开，重新连接...
[jvQuant WS] 已连接
[ws_daemon] 重连后恢复 L1 订阅 123 只
[ws_daemon] 重连后恢复 L2 订阅 123 只
2026-08-13 11:20:47 - websocket_client - ERROR - [Errno 104] Connection reset by peer
2026-08-13 11:20:47 - websocket - ERROR - [Errno 104] Connection reset by peer - goodbye
[jvQuant WS] 连接已断开，重新连接...
[jvQuant WS] 已连接
[ws_daemon] 重连后恢复 L1 订阅 122 只
[ws_daemon] 重连后恢复 L2 订阅 122 只
2026-08-13 11:26:18 - websocket_client - ERROR - [Errno 104] Connection reset by peer
2026-08-13 11:26:18 - websocket - ERROR - [Errno 104] Connection reset by peer - goodbye
[jvQuant WS] 连接已断开，重新连接...
[jvQuant WS] 已连接
[ws_daemon] 重连后恢复 L1 订阅 122 只
[ws_daemon] 重连后恢复 L2 订阅 122 只
2026-08-13 11:29:49 - websocket_client - ERROR - [Errno 104] Connection reset by peer
2026-08-13 11:29:49 - websocket - ERROR - [Errno 104] Connection reset by peer - goodbye
[jvQuant WS] 连接已断开，重新连接...
[jvQuant WS] 已连接
[ws_daemon] 重连后恢复 L1 订阅 122 只
[ws_daemon] 重连后恢复 L2 订阅 122 只
2026-08-13 13:02:52 - websocket_client - ERROR - Connection to remote host was lost.
2026-08-13 13:02:52 - websocket - ERROR - Connection to remote host was lost. - goodbye
[jvQuant WS] 连接已断开，重新连接...
2026-08-13 13:02:56 - websocket_client - ERROR - Handshake status 502 Bad Gateway -+-+- {'server': 'nginx/1.20.1', 'date': 'Thu, 13 Aug 2026 05:02:56 GMT', 'content-type': 'text/html', 'content-length': '157', 'connection': 'keep-alive'} -+-+- b'<html>\r\n<head><title>502 Bad Gateway</title></head>\r\n<body>\r\n<center><h1>502 Bad Gateway</h1></center>\r\n<hr><center>nginx/1.20.1</center>\r\n</body>\r\n</html>\r\n'
2026-08-13 13:02:56 - websocket - ERROR - Handshake status 502 Bad Gateway -+-+- {'server': 'nginx/1.20.1', 'date': 'Thu, 13 Aug 2026 05:02:56 GMT', 'content-type': 'text/html', 'content-length': '157', 'connection': 'keep-alive'} -+-+- b'<html>\r\n<head><title>502 Bad Gateway</title></head>\r\n<body>\r\n<center><h1>502 Bad Gateway</h1></center>\r\n<hr><center>nginx/1.20.1</center>\r\n</body>\r\n</html>\r\n' - goodbye
[ws_daemon] 启动, 初始订阅 L1=118 L2=118
2026-08-13 13:22:05 - websocket_client - ERROR - Handshake status 502 Bad Gateway -+-+- {'server': 'nginx/1.20.1', 'date': 'Thu, 13 Aug 2026 05:22:05 GMT', 'content-type': 'text/html', 'content-length': '157', 'connection': 'keep-alive'} -+-+- b'<html>\r\n<head><title>502 Bad Gateway</title></head>\r\n<body>\r\n<center><h1>502 Bad Gateway</h1></center>\r\n<hr><center>nginx/1.20.1</center>\r\n</body>\r\n</html>\r\n'
2026-08-13 13:22:05 - websocket - ERROR - Handshake status 502 Bad Gateway -+-+- {'server': 'nginx/1.20.1', 'date': 'Thu, 13 Aug 2026 05:22:05 GMT', 'content-type': 'text/html', 'content-length': '157', 'connection': 'keep-alive'} -+-+- b'<html>\r\n<head><title>502 Bad Gateway</title></head>\r\n<body>\r\n<center><h1>502 Bad Gateway</h1></center>\r\n<hr><center>nginx/1.20.1</center>\r\n</body>\r\n</html>\r\n' - goodbye
[ws_daemon] 启动, 初始订阅 L1=119 L2=119
[jvQuant WS] 已连接
[ws_daemon] WS 已连接, L1=119 L2=119 分批订阅完成
[ws_daemon] L1新增订阅 1 只
[ws_daemon] L1新增订阅 1 只
[ws_daemon] L1新增订阅 1 只
[ws_daemon] L1新增订阅 113 只
[ws_daemon] 收盘(1500), 休眠 18.4h 到 08-14 09:25
2026-08-13 16:01:52 - websocket_client - ERROR - Connection to remote host was lost.
2026-08-13 16:01:52 - websocket - ERROR - Connection to remote host was lost. - goodbye
[ws_daemon] 启动, 初始订阅 L1=29 L2=29
[jvQuant WS] 已连接
[ws_daemon] WS 已连接, L1=29 L2=29 分批订阅完成
[ws_daemon] L1新增订阅 25 只
[ws_daemon] L1新增订阅 17 只
[ws_daemon] L1新增订阅 4 只
[ws_daemon] L1新增订阅 4 只
[ws_daemon] L1新增订阅 5 只
[ws_daemon] L1新增订阅 2 只
[ws_daemon] L1新增订阅 2 只
[ws_daemon] L1新增订阅 6 只
[ws_daemon] L1新增订阅 1 只
[ws_daemon] L1新增订阅 1 只
[ws_daemon] L1新增订阅 4 只
[ws_daemon] L1新增订阅 1 只
[ws_daemon] L1新增订阅 2 只
[ws_daemon] L1新增订阅 1 只
[ws_daemon] L1新增订阅 1 只
[ws_daemon] L1新增订阅 1 只
[ws_daemon] L1新增订阅 1 只
[ws_daemon] L1新增订阅 1 只
[ws_daemon] L1新增订阅 1 只
[ws_daemon] L1新增订阅 1 只
[ws_daemon] L1新增订阅 87 只
[ws_daemon] L1新增订阅 1 只
[ws_daemon] L1新增订阅 85 只
[ws_daemon] L1新增订阅 1 只
[ws_daemon] L1新增订阅 1 只
[ws_daemon] L1新增订阅 1 只
[ws_daemon] L1新增订阅 1 只
[ws_daemon] L1新增订阅 85 只
[ws_daemon] L1新增订阅 1 只
[ws_daemon] L1新增订阅 3 只
[ws_daemon] L1新增订阅 1 只
[ws_daemon] L1新增订阅 1 只
[ws_daemon] L1新增订阅 87 只
[ws_daemon] L1新增订阅 1 只
[ws_daemon] L1新增订阅 2 只
[ws_daemon] L1新增订阅 1 只
[ws_daemon] L1新增订阅 1 只
[ws_daemon] L1新增订阅 1 只
[ws_daemon] L1新增订阅 1 只
[ws_daemon] L1新增订阅 1 只
[ws_daemon] L1新增订阅 1 只
2026-08-14 14:11:12 - websocket_client - ERROR - Connection to remote host was lost.
2026-08-14 14:11:12 - websocket - ERROR - Connection to remote host was lost. - goodbye
[jvQuant WS] 连接已断开，重新连接...
2026-08-14 14:11:24 - websocket_client - ERROR - Handshake status 502 Bad Gateway -+-+- {'server': 'nginx/1.20.1', 'date': 'Fri, 14 Aug 2026 06:11:24 GMT', 'content-type': 'text/html', 'content-length': '157', 'connection': 'keep-alive'} -+-+- b'<html>\r\n<head><title>502 Bad Gateway</title></head>\r\n<body>\r\n<center><h1>502 Bad Gateway</h1></center>\r\n<hr><center>nginx/1.20.1</center>\r\n</body>\r\n</html>\r\n'
2026-08-14 14:11:24 - websocket - ERROR - Handshake status 502 Bad Gateway -+-+- {'server': 'nginx/1.20.1', 'date': 'Fri, 14 Aug 2026 06:11:24 GMT', 'content-type': 'text/html', 'content-length': '157', 'connection': 'keep-alive'} -+-+- b'<html>\r\n<head><title>502 Bad Gateway</title></head>\r\n<body>\r\n<center><h1>502 Bad Gateway</h1></center>\r\n<hr><center>nginx/1.20.1</center>\r\n</body>\r\n</html>\r\n' - goodbye
[ws_daemon] 启动, 初始订阅 L1=84 L2=84
[jvQuant WS] 已连接
[ws_daemon] WS 已连接, L1=84 L2=84 分批订阅完成
[ws_daemon] L1新增订阅 1 只
[ws_daemon] L1新增订阅 4 只
[ws_daemon] L1新增订阅 1 只
[ws_daemon] L1新增订阅 1 只
[ws_daemon] L1新增订阅 4 只
[ws_daemon] L1新增订阅 2 只
[ws_daemon] L1新增订阅 1 只
[ws_daemon] L1新增订阅 2 只
[ws_daemon] L1新增订阅 1 只
[ws_daemon] L1新增订阅 3 只
[ws_daemon] L1新增订阅 1 只
[ws_daemon] L1新增订阅 1 只
[ws_daemon] L1新增订阅 1 只
[ws_daemon] L1新增订阅 1 只
2026-08-17 12:01:52 - websocket_client - ERROR - Connection to remote host was lost.
2026-08-17 12:01:52 - websocket - ERROR - Connection to remote host was lost. - goodbye
[jvQuant WS] 连接已断开，重新连接...
[jvQuant WS] 已连接
[ws_daemon] 重连后恢复 L1 订阅 1 只
[ws_daemon] 重连后恢复 L2 订阅 1 只
[ws_daemon] L1新增订阅 102 只
[ws_daemon] L1新增订阅 1 只
[ws_daemon] L1新增订阅 102 只
[ws_daemon] L1新增订阅 1 只
[ws_daemon] L1新增订阅 93 只
[ws_daemon] L1新增订阅 1 只
[ws_daemon] L1新增订阅 92 只
[ws_daemon] 收盘(1500), 休眠 18.4h 到 08-18 09:25
2026-08-17 16:01:52 - websocket_client - ERROR - Connection to remote host was lost.
2026-08-17 16:01:52 - websocket - ERROR - Connection to remote host was lost. - goodbye
[jvQuant WS] 连接已断开，重新连接...
[jvQuant WS] 已连接
[ws_daemon] 重连后恢复 L1 订阅 16 只
[ws_daemon] 重连后恢复 L2 订阅 16 只
[ws_daemon] L1新增订阅 33 只
[ws_daemon] L1新增订阅 17 只
[ws_daemon] L1新增订阅 9 只
[ws_daemon] L1新增订阅 8 只
[ws_daemon] L1新增订阅 4 只
[ws_daemon] L1新增订阅 2 只
[ws_daemon] L1新增订阅 2 只
[ws_daemon] L1新增订阅 1 只
[ws_daemon] L1新增订阅 3 只
[ws_daemon] L1新增订阅 1 只
[ws_daemon] L1新增订阅 1 只
[ws_daemon] L1新增订阅 2 只
[ws_daemon] L1新增订阅 1 只
[ws_daemon] L1新增订阅 1 只
[ws_daemon] L1新增订阅 1 只
[ws_daemon] L1新增订阅 1 只
[ws_daemon] L1新增订阅 1 只
[ws_daemon] L1新增订阅 1 只
[ws_daemon] L1新增订阅 1 只
[ws_daemon] L1新增订阅 1 只
[ws_daemon] L1新增订阅 1 只
[ws_daemon] L1新增订阅 1 只
[ws_daemon] L1新增订阅 1 只
[ws_daemon] L1新增订阅 1 只
[ws_daemon] L1新增订阅 96 只
[ws_daemon] L1新增订阅 3 只
[ws_daemon] L1新增订阅 1 只
[ws_daemon] L1新增订阅 2 只
[ws_daemon] L1新增订阅 1 只
[ws_daemon] L1新增订阅 92 只
2026-08-18 12:01:52 - websocket_client - ERROR - Connection to remote host was lost.
2026-08-18 12:01:52 - websocket - ERROR - Connection to remote host was lost. - goodbye
[jvQuant WS] 连接已断开，重新连接...
[jvQuant WS] 已连接
[ws_daemon] 重连后恢复 L1 订阅 92 只
[ws_daemon] 重连后恢复 L2 订阅 92 只
[ws_daemon] L1新增订阅 1 只
[ws_daemon] L1新增订阅 1 只
[ws_daemon] L1新增订阅 91 只
[ws_daemon] L1新增订阅 2 只
[ws_daemon] L1新增订阅 2 只
[ws_daemon] L1新增订阅 2 只
[ws_daemon] L1新增订阅 2 只
[ws_daemon] L1新增订阅 2 只
[ws_daemon] L1新增订阅 2 只
[ws_daemon] L1新增订阅 2 只
[ws_daemon] L1新增订阅 1 只
[ws_daemon] L1新增订阅 1 只
[ws_daemon] L1新增订阅 1 只
[ws_daemon] L1新增订阅 92 只
[ws_daemon] L1新增订阅 1 只
[ws_daemon] L1新增订阅 1 只
[ws_daemon] L1新增订阅 2 只
[ws_daemon] L1新增订阅 1 只
[ws_daemon] L1新增订阅 1 只
[ws_daemon] L1新增订阅 1 只
[ws_daemon] L1新增订阅 1 只
[ws_daemon] L1新增订阅 1 只
[ws_daemon] L1新增订阅 1 只
[ws_daemon] L1新增订阅 1 只
[ws_daemon] L1新增订阅 2 只
[ws_daemon] L1新增订阅 2 只
[ws_daemon] L1新增订阅 3 只
[ws_daemon] 收盘(1500), 休眠 18.4h 到 08-19 09:25
2026-08-18 16:01:52 - websocket_client - ERROR - Connection to remote host was lost.
2026-08-18 16:01:52 - websocket - ERROR - Connection to remote host was lost. - goodbye
[jvQuant WS] 连接已断开，重新连接...
[jvQuant WS] 已连接
[ws_daemon] 重连后恢复 L1 订阅 13 只
[ws_daemon] 重连后恢复 L2 订阅 13 只
[ws_daemon] L1新增订阅 12 只
[ws_daemon] L1新增订阅 4 只
[ws_daemon] L1新增订阅 1 只
[ws_daemon] L1新增订阅 1 只
[ws_daemon] L1新增订阅 1 只
2026-08-19 09:38:01 - websocket_client - ERROR - [Errno 104] Connection reset by peer
2026-08-19 09:38:01 - websocket - ERROR - [Errno 104] Connection reset by peer - goodbye
[jvQuant WS] 连接已断开，重新连接...
[jvQuant WS] 已连接
[ws_daemon] 重连后恢复 L1 订阅 25 只
[ws_daemon] 重连后恢复 L2 订阅 25 只
2026-08-19 09:42:32 - websocket_client - ERROR - [Errno 104] Connection reset by peer
2026-08-19 09:42:32 - websocket - ERROR - [Errno 104] Connection reset by peer - goodbye
[jvQuant WS] 连接已断开，重新连接...
[jvQuant WS] 已连接
[ws_daemon] 重连后恢复 L1 订阅 25 只
[ws_daemon] 重连后恢复 L2 订阅 25 只
[ws_daemon] L1新增订阅 7 只
[ws_daemon] L1新增订阅 1 只
[ws_daemon] L1新增订阅 1 只
[ws_daemon] L1新增订阅 23 只
[ws_daemon] L1新增订阅 1 只
[ws_daemon] L1新增订阅 22 只
[ws_daemon] L1新增订阅 1 只
[ws_daemon] L1新增订阅 1 只
[ws_daemon] L1新增订阅 1 只
[ws_daemon] L1新增订阅 1 只
[ws_daemon] L1新增订阅 24 只
2026-08-19 12:01:52 - websocket_client - ERROR - Connection to remote host was lost.
2026-08-19 12:01:52 - websocket - ERROR - Connection to remote host was lost. - goodbye
[jvQuant WS] 连接已断开，重新连接...
[jvQuant WS] 已连接
[ws_daemon] 重连后恢复 L1 订阅 21 只
[ws_daemon] 重连后恢复 L2 订阅 21 只
[ws_daemon] L1新增订阅 1 只
[ws_daemon] L1新增订阅 1 只
[ws_daemon] L1新增订阅 1 只
[ws_daemon] L1新增订阅 1 只
[ws_daemon] L1新增订阅 1 只
[ws_daemon] L1新增订阅 1 只
[ws_daemon] 收盘(1500), 休眠 18.4h 到 08-20 09:25
2026-08-19 16:01:52 - websocket_client - ERROR - Connection to remote host was lost.
2026-08-19 16:01:52 - websocket - ERROR - Connection to remote host was lost. - goodbye
[jvQuant WS] 连接已断开，重新连接...
[jvQuant WS] 已连接
[ws_daemon] 重连后恢复 L1 订阅 4 只
[ws_daemon] 重连后恢复 L2 订阅 4 只
[jvQuant WS] 飞书报警已发送: 52.2元
[ws_daemon] L1新增订阅 191 只
[ws_daemon] L1新增订阅 107 只
[ws_daemon] L1新增订阅 21 只
[ws_daemon] L1新增订阅 58 只
[ws_daemon] L1新增订阅 8 只
[ws_daemon] L1新增订阅 3 只
[ws_daemon] L1新增订阅 14 只
[ws_daemon] L1新增订阅 5 只
[ws_daemon] L1新增订阅 1 只
[ws_daemon] L1新增订阅 3 只
[ws_daemon] L1新增订阅 1 只
2026-08-20 12:01:51 - websocket_client - ERROR - Connection to remote host was lost.
2026-08-20 12:01:51 - websocket - ERROR - Connection to remote host was lost. - goodbye
[jvQuant WS] 连接已断开，重新连接...
[jvQuant WS] 已连接
[ws_daemon] 重连后恢复 L1 订阅 409 只
[ws_daemon] 重连后恢复 L2 订阅 409 只
[ws_daemon] L1新增订阅 1 只
[ws_daemon] L1新增订阅 1 只
[ws_daemon] L1新增订阅 1 只
[ws_daemon] L1新增订阅 1 只
[ws_daemon] L1新增订阅 1 只
[ws_daemon] L1新增订阅 1 只
[ws_daemon] L1新增订阅 413 只
[ws_daemon] L1新增订阅 413 只
[ws_daemon] 收盘(1500), 休眠 18.4h 到 08-21 09:25
2026-08-20 16:01:52 - websocket_client - ERROR - Connection to remote host was lost.
2026-08-20 16:01:52 - websocket - ERROR - Connection to remote host was lost. - goodbye
[jvQuant WS] 连接已断开，重新连接...
[jvQuant WS] 已连接
[ws_daemon] 重连后恢复 L1 订阅 53 只
[ws_daemon] 重连后恢复 L2 订阅 53 只
[ws_daemon] L1新增订阅 27 只
[ws_daemon] L1新增订阅 10 只
[ws_daemon] L1新增订阅 4 只
[ws_daemon] L1新增订阅 1 只
[ws_daemon] L1新增订阅 3 只
[ws_daemon] L1新增订阅 6 只
[ws_daemon] L1新增订阅 6 只
[ws_daemon] L1新增订阅 1 只
[ws_daemon] L1新增订阅 2 只
[ws_daemon] L1新增订阅 2 只
[ws_daemon] L1新增订阅 3 只
[ws_daemon] L1新增订阅 1 只
[ws_daemon] L1新增订阅 81 只
[ws_daemon] L1新增订阅 1 只
[ws_daemon] L1新增订阅 1 只
[ws_daemon] L1新增订阅 72 只
[ws_daemon] L1新增订阅 1 只
[ws_daemon] L1新增订阅 71 只
[ws_daemon] L1新增订阅 4 只
[ws_daemon] L1新增订阅 1 只
[ws_daemon] L1新增订阅 1 只
[ws_daemon] L1新增订阅 76 只
[ws_daemon] L1新增订阅 1 只
[ws_daemon] L1新增订阅 1 只
[ws_daemon] L1新增订阅 77 只
[ws_daemon] L1新增订阅 1 只
[ws_daemon] L1新增订阅 1 只
[ws_daemon] L1新增订阅 1 只
2026-08-21 10:57:38 - websocket_client - ERROR - [Errno 104] Connection reset by peer
2026-08-21 10:57:38 - websocket - ERROR - [Errno 104] Connection reset by peer - goodbye
[jvQuant WS] 连接已断开，重新连接...
[jvQuant WS] 已连接
[ws_daemon] 重连后恢复 L1 订阅 79 只
[ws_daemon] 重连后恢复 L2 订阅 79 只
[ws_daemon] L1新增订阅 1 只
2026-08-21 12:01:51 - websocket_client - ERROR - Connection to remote host was lost.
2026-08-21 12:01:51 - websocket - ERROR - Connection to remote host was lost. - goodbye
[jvQuant WS] 连接已断开，重新连接...
[jvQuant WS] 已连接
[ws_daemon] 重连后恢复 L1 订阅 80 只
[ws_daemon] 重连后恢复 L2 订阅 80 只
[ws_daemon] L1新增订阅 1 只
[ws_daemon] L1新增订阅 1 只
[ws_daemon] L1新增订阅 1 只
[ws_daemon] L1新增订阅 2 只
[ws_daemon] L1新增订阅 1 只
[ws_daemon] L1新增订阅 1 只
[ws_daemon] L1新增订阅 1 只
[ws_daemon] L1新增订阅 1 只
[ws_daemon] L1新增订阅 1 只
[ws_daemon] L1新增订阅 1 只
[ws_daemon] L1新增订阅 1 只
[ws_daemon] L1新增订阅 1 只
[ws_daemon] L1新增订阅 1 只
[ws_daemon] 收盘(1500), 休眠 66.4h 到 08-24 09:25
2026-08-21 16:01:51 - websocket_client - ERROR - Connection to remote host was lost.
2026-08-21 16:01:51 - websocket - ERROR - Connection to remote host was lost. - goodbye
[jvQuant WS] 连接已断开，重新连接...
[jvQuant WS] 已连接
[ws_daemon] 重连后恢复 L1 订阅 40 只
[ws_daemon] 重连后恢复 L2 订阅 40 只
[ws_daemon] L1新增订阅 48 只
[ws_daemon] L1新增订阅 26 只
[ws_daemon] L1新增订阅 10 只
[ws_daemon] L1新增订阅 5 只
[ws_daemon] L1新增订阅 2 只
[ws_daemon] L1新增订阅 7 只
[ws_daemon] L1新增订阅 2 只
[ws_daemon] L1新增订阅 1 只
[ws_daemon] L1新增订阅 1 只
[ws_daemon] L1新增订阅 1 只
[ws_daemon] L1新增订阅 1 只
[ws_daemon] L1新增订阅 3 只
2026-08-24 09:58:32 - websocket_client - ERROR - [Errno 104] Connection reset by peer
2026-08-24 09:58:32 - websocket - ERROR - [Errno 104] Connection reset by peer - goodbye
[jvQuant WS] 连接已断开，重新连接...
[jvQuant WS] 已连接
[ws_daemon] 重连后恢复 L1 订阅 142 只
[ws_daemon] 重连后恢复 L2 订阅 142 只
[ws_daemon] L1新增订阅 1 只
[ws_daemon] L1新增订阅 2 只
[ws_daemon] L1新增订阅 1 只
[ws_daemon] L1新增订阅 2 只
[ws_daemon] L1新增订阅 1 只
2026-08-24 12:01:52 - websocket_client - ERROR - Connection to remote host was lost.
2026-08-24 12:01:52 - websocket - ERROR - Connection to remote host was lost. - goodbye
[jvQuant WS] 连接已断开，重新连接...
[jvQuant WS] 已连接
[ws_daemon] 重连后恢复 L1 订阅 145 只
[ws_daemon] 重连后恢复 L2 订阅 145 只
[ws_daemon] L1新增订阅 1 只
[ws_daemon] L1新增订阅 1 只
[ws_daemon] L1新增订阅 2 只
[ws_daemon] 收盘(1500), 休眠 18.4h 到 08-25 09:25
2026-08-24 16:01:51 - websocket_client - ERROR - Connection to remote host was lost.
2026-08-24 16:01:51 - websocket - ERROR - Connection to remote host was lost. - goodbye
[jvQuant WS] 连接已断开，重新连接...
[jvQuant WS] 已连接
[ws_daemon] 重连后恢复 L1 订阅 11 只
[ws_daemon] 重连后恢复 L2 订阅 11 只
[ws_daemon] L1新增订阅 43 只
[ws_daemon] L1新增订阅 12 只
[ws_daemon] L1新增订阅 8 只
[ws_daemon] L1新增订阅 5 只
[ws_daemon] L1新增订阅 4 只
[ws_daemon] L1新增订阅 3 只
[ws_daemon] L1新增订阅 2 只
[ws_daemon] L1新增订阅 3 只
[ws_daemon] L1新增订阅 3 只
[ws_daemon] L1新增订阅 1 只
[ws_daemon] L1新增订阅 3 只
[ws_daemon] L1新增订阅 1 只
[ws_daemon] L1新增订阅 6 只
[ws_daemon] L1新增订阅 9 只
[ws_daemon] L1新增订阅 1 只
[ws_daemon] L1新增订阅 7 只
[ws_daemon] L1新增订阅 6 只
[ws_daemon] L1新增订阅 6 只
[ws_daemon] L1新增订阅 7 只
[ws_daemon] L1新增订阅 3 只
[ws_daemon] L1新增订阅 1 只
[ws_daemon] L1新增订阅 1 只
[ws_daemon] L1新增订阅 2 只
[ws_daemon] L1新增订阅 3 只
[ws_daemon] L1新增订阅 1 只
[ws_daemon] L1新增订阅 2 只
[ws_daemon] L1新增订阅 1 只
[ws_daemon] L1新增订阅 1 只
[ws_daemon] L1新增订阅 1 只
[ws_daemon] L1新增订阅 2 只
[ws_daemon] L1新增订阅 1 只
[ws_daemon] L1新增订阅 1 只
[ws_daemon] L1新增订阅 1 只
[ws_daemon] L1新增订阅 1 只
[ws_daemon] L1新增订阅 1 只
[ws_daemon] L1新增订阅 1 只
2026-08-25 11:27:15 - websocket_client - ERROR - Connection to remote host was lost.
2026-08-25 11:27:15 - websocket - ERROR - Connection to remote host was lost. - goodbye
[jvQuant WS] 连接已断开，重新连接...
2026-08-25 11:27:42 - websocket_client - ERROR - Handshake status 502 Bad Gateway -+-+- {'server': 'nginx/1.20.1', 'date': 'Tue, 25 Aug 2026 03:27:42 GMT', 'content-type': 'text/html', 'content-length': '157', 'connection': 'keep-alive'} -+-+- b'<html>\r\n<head><title>502 Bad Gateway</title></head>\r\n<body>\r\n<center><h1>502 Bad Gateway</h1></center>\r\n<hr><center>nginx/1.20.1</center>\r\n</body>\r\n</html>\r\n'
2026-08-25 11:27:42 - websocket - ERROR - Handshake status 502 Bad Gateway -+-+- {'server': 'nginx/1.20.1', 'date': 'Tue, 25 Aug 2026 03:27:42 GMT', 'content-type': 'text/html', 'content-length': '157', 'connection': 'keep-alive'} -+-+- b'<html>\r\n<head><title>502 Bad Gateway</title></head>\r\n<body>\r\n<center><h1>502 Bad Gateway</h1></center>\r\n<hr><center>nginx/1.20.1</center>\r\n</body>\r\n</html>\r\n' - goodbye
[ws_daemon] 启动, 初始订阅 L1=154 L2=154
[jvQuant WS] 已连接
[ws_daemon] WS 已连接, L1=154 L2=154 分批订阅完成
[ws_daemon] 启动, 初始订阅 L1=154 L2=154
[jvQuant WS] 已连接
[ws_daemon] WS 已连接, L1=154 L2=154 分批订阅完成
[ws_daemon] L1新增订阅 1 只
[ws_daemon] L1新增订阅 1 只
[ws_daemon] L1新增订阅 2 只
[ws_daemon] L1新增订阅 1 只
[ws_daemon] L1新增订阅 1 只
[ws_daemon] L1新增订阅 1 只
[ws_daemon] L1新增订阅 2 只
[ws_daemon] L1新增订阅 1 只
[ws_daemon] L1新增订阅 1 只
[ws_daemon] 收盘(1500), 休眠 18.4h 到 08-26 09:25
2026-08-25 16:01:51 - websocket_client - ERROR - Connection to remote host was lost.
2026-08-25 16:01:51 - websocket - ERROR - Connection to remote host was lost. - goodbye
[jvQuant WS] 连接已断开，重新连接...
[jvQuant WS] 已连接
[ws_daemon] 重连后恢复 L1 订阅 10 只
[ws_daemon] 重连后恢复 L2 订阅 10 只
[ws_daemon] L1新增订阅 30 只
[ws_daemon] L1新增订阅 41 只
[ws_daemon] L1新增订阅 15 只
[ws_daemon] L1新增订阅 14 只
[ws_daemon] L1新增订阅 2 只
[ws_daemon] L1新增订阅 1 只
[ws_daemon] L1新增订阅 4 只
[ws_daemon] L1新增订阅 2 只
[ws_daemon] L1新增订阅 2 只
[ws_daemon] L1新增订阅 7 只
[ws_daemon] L1新增订阅 1 只
[ws_daemon] L1新增订阅 2 只
[ws_daemon] L1新增订阅 2 只
[ws_daemon] L1新增订阅 2 只
[ws_daemon] L1新增订阅 1 只
[ws_daemon] L1新增订阅 1 只
[ws_daemon] L1新增订阅 1 只
[ws_daemon] L1新增订阅 2 只
[ws_daemon] L1新增订阅 1 只
[ws_daemon] L1新增订阅 4 只
[ws_daemon] L1新增订阅 2 只
[ws_daemon] L1新增订阅 3 只
[ws_daemon] L1新增订阅 2 只
[ws_daemon] L1新增订阅 4 只
[ws_daemon] L1新增订阅 1 只
[ws_daemon] L1新增订阅 2 只
[ws_daemon] L1新增订阅 2 只
[ws_daemon] L1新增订阅 2 只
[ws_daemon] L1新增订阅 2 只
[ws_daemon] L1新增订阅 2 只
2026-08-26 12:01:52 - websocket_client - ERROR - Connection to remote host was lost.
2026-08-26 12:01:52 - websocket - ERROR - Connection to remote host was lost. - goodbye
[jvQuant WS] 连接已断开，重新连接...
[jvQuant WS] 已连接
[ws_daemon] 重连后恢复 L1 订阅 130 只
[ws_daemon] 重连后恢复 L2 订阅 130 只
[ws_daemon] L1新增订阅 2 只
[ws_daemon] L1新增订阅 4 只
[ws_daemon] L1新增订阅 1 只
[ws_daemon] L1新增订阅 2 只
[ws_daemon] 已停止
[ws_daemon] 启动, 初始订阅 L1=135 L2=135
[jvQuant WS] 已连接
[ws_daemon] WS 已连接, L1=135 L2=135 分批订阅完成
[ws_daemon] L1新增订阅 1 只
[ws_daemon] L1新增订阅 1 只
[ws_daemon] L1新增订阅 1 只
[ws_daemon] 收盘(1500), 休眠 18.4h 到 08-27 09:25
2026-08-26 16:01:52 - websocket_client - ERROR - Connection to remote host was lost.
2026-08-26 16:01:52 - websocket - ERROR - Connection to remote host was lost. - goodbye
[jvQuant WS] 连接已断开，重新连接...
[jvQuant WS] 已连接
[ws_daemon] 重连后恢复 L1 订阅 14 只
[ws_daemon] 重连后恢复 L2 订阅 14 只
2026-08-27 09:33:43 - websocket_client - ERROR - [Errno 104] Connection reset by peer
2026-08-27 09:33:43 - websocket - ERROR - [Errno 104] Connection reset by peer - goodbye
[jvQuant WS] 订阅失败(WebSocketConnectionClosedException), 重连重试...
[jvQuant WS] 已连接
[ws_daemon] L1新增订阅 21 只
[ws_daemon] 重连后恢复 L1 订阅 29 只
[ws_daemon] 重连后恢复 L2 订阅 29 只
[ws_daemon] L1新增订阅 16 只
[ws_daemon] L1新增订阅 26 只
[ws_daemon] L1新增订阅 13 只
[ws_daemon] L1新增订阅 7 只
[ws_daemon] L1新增订阅 6 只
[ws_daemon] L1新增订阅 1 只
[ws_daemon] L1新增订阅 1 只
[ws_daemon] L1新增订阅 2 只
[ws_daemon] L1新增订阅 1 只
[ws_daemon] L1新增订阅 7 只
[ws_daemon] L1新增订阅 2 只
[ws_daemon] L1新增订阅 1 只
[ws_daemon] L1新增订阅 4 只
[ws_daemon] L1新增订阅 2 只
2026-08-27 12:01:51 - websocket_client - ERROR - Connection to remote host was lost.
2026-08-27 12:01:51 - websocket - ERROR - Connection to remote host was lost. - goodbye
[jvQuant WS] 连接已断开，重新连接...
2026-08-27 12:02:06 - websocket_client - ERROR - Connection to remote host was lost.
[jvQuant WS] 已连接2026-08-27 12:02:06 - websocket - ERROR - Connection to remote host was lost. - goodbye

[jvQuant WS] 订阅失败(WebSocketConnectionClosedException), 重连重试...
[jvQuant WS] 已连接
2026-08-27 12:02:07 - websocket_client - ERROR - Connection to remote host was lost.
2026-08-27 12:02:07 - websocket - ERROR - Connection to remote host was lost. - goodbye
[jvQuant WS] 订阅失败(WebSocketConnectionClosedException), 重连重试...
[jvQuant WS] 已连接2026-08-27 12:02:07 - websocket_client - ERROR - Connection to remote host was lost.
2026-08-27 12:02:07 - websocket - ERROR - Connection to remote host was lost. - goodbye

[ws_daemon] WS 探活异常: Connection is already closed.
[jvQuant WS] 连接已断开，重新连接...
[jvQuant WS] 已连接
[ws_daemon] 重连后恢复 L1 订阅 105 只
[ws_daemon] 重连后恢复 L2 订阅 105 只
[ws_daemon] L1新增订阅 3 只
[ws_daemon] L1新增订阅 1 只
[ws_daemon] 收盘(1500), 休眠 18.4h 到 08-28 09:25
2026-08-27 16:01:52 - websocket_client - ERROR - Connection to remote host was lost.
2026-08-27 16:01:52 - websocket - ERROR - Connection to remote host was lost. - goodbye
[jvQuant WS] 连接已断开，重新连接...
[jvQuant WS] 已连接
[ws_daemon] 重连后恢复 L1 订阅 12 只
[ws_daemon] 重连后恢复 L2 订阅 12 只
[ws_daemon] L1新增订阅 119 只
2026-08-28 12:01:52 - websocket_client - ERROR - Connection to remote host was lost.
2026-08-28 12:01:52 - websocket - ERROR - Connection to remote host was lost. - goodbye
[jvQuant WS] 连接已断开，重新连接...
[jvQuant WS] 已连接
[ws_daemon] 重连后恢复 L1 订阅 121 只
[ws_daemon] 重连后恢复 L2 订阅 121 只
[ws_daemon] 收盘(1500), 休眠 66.4h 到 08-31 09:25
2026-08-28 16:01:52 - websocket_client - ERROR - Connection to remote host was lost.
2026-08-28 16:01:52 - websocket - ERROR - Connection to remote host was lost. - goodbye
[jvQuant WS] 连接已断开，重新连接...
[jvQuant WS] 已连接
[ws_daemon] 重连后恢复 L1 订阅 9 只
[ws_daemon] 重连后恢复 L2 订阅 9 只
[ws_daemon] L1新增订阅 127 只
2026-08-31 12:01:51 - websocket_client - ERROR - Connection to remote host was lost.
2026-08-31 12:01:51 - websocket - ERROR - Connection to remote host was lost. - goodbye
[jvQuant WS] 连接已断开，重新连接...
[jvQuant WS] 已连接
[ws_daemon] 重连后恢复 L1 订阅 129 只
[ws_daemon] 重连后恢复 L2 订阅 129 只
[ws_daemon] 收盘(1500), 休眠 18.4h 到 09-01 09:25
2026-08-31 16:01:51 - websocket_client - ERROR - Connection to remote host was lost.
2026-08-31 16:01:51 - websocket - ERROR - Connection to remote host was lost. - goodbye
[jvQuant WS] 连接已断开，重新连接...
[jvQuant WS] 已连接
[ws_daemon] 重连后恢复 L1 订阅 15 只
[ws_daemon] 重连后恢复 L2 订阅 15 只
[ws_daemon] L1新增订阅 139 只
2026-09-01 12:01:51 - websocket_client - ERROR - Connection to remote host was lost.
2026-09-01 12:01:51 - websocket - ERROR - Connection to remote host was lost. - goodbye
[jvQuant WS] 连接已断开，重新连接...
[jvQuant WS] 已连接
[ws_daemon] 重连后恢复 L1 订阅 144 只
[ws_daemon] 重连后恢复 L2 订阅 144 只
[ws_daemon] 收盘(1500), 休眠 18.4h 到 09-02 09:25
2026-09-01 16:01:52 - websocket_client - ERROR - Connection to remote host was lost.
2026-09-01 16:01:52 - websocket - ERROR - Connection to remote host was lost. - goodbye
[jvQuant WS] 连接已断开，重新连接...
[jvQuant WS] 已连接
[ws_daemon] 重连后恢复 L1 订阅 21 只
[ws_daemon] 重连后恢复 L2 订阅 21 只
[ws_daemon] L1新增订阅 99 只
[ws_daemon] L1新增订阅 1 只
2026-09-02 12:01:52 - websocket_client - ERROR - Connection to remote host was lost.
2026-09-02 12:01:52 - websocket - ERROR - Connection to remote host was lost. - goodbye
[jvQuant WS] 连接已断开，重新连接...
[jvQuant WS] 已连接
[ws_daemon] 重连后恢复 L1 订阅 103 只
[ws_daemon] 重连后恢复 L2 订阅 103 只
[ws_daemon] 收盘(1500), 休眠 18.4h 到 09-03 09:25
2026-09-02 16:01:51 - websocket_client - ERROR - Connection to remote host was lost.
2026-09-02 16:01:51 - websocket - ERROR - Connection to remote host was lost. - goodbye
[jvQuant WS] 连接已断开，重新连接...
[jvQuant WS] 已连接
[ws_daemon] 重连后恢复 L1 订阅 15 只
[ws_daemon] 重连后恢复 L2 订阅 15 只
[ws_daemon] L1新增订阅 127 只
2026-09-03 12:01:51 - websocket_client - ERROR - Connection to remote host was lost.
2026-09-03 12:01:51 - websocket - ERROR - Connection to remote host was lost. - goodbye
[jvQuant WS] 连接已断开，重新连接...
[jvQuant WS] 已连接
[ws_daemon] 重连后恢复 L1 订阅 129 只
[ws_daemon] 重连后恢复 L2 订阅 129 只
[ws_daemon] 收盘(1500), 休眠 18.4h 到 09-04 09:25
2026-09-03 16:01:52 - websocket_client - ERROR - Connection to remote host was lost.
2026-09-03 16:01:52 - websocket - ERROR - Connection to remote host was lost. - goodbye
[jvQuant WS] 连接已断开，重新连接...
[jvQuant WS] 已连接
[ws_daemon] 重连后恢复 L1 订阅 17 只
[ws_daemon] 重连后恢复 L2 订阅 17 只
[ws_daemon] L1新增订阅 143 只
2026-09-04 12:01:52 - websocket_client - ERROR - Connection to remote host was lost.
2026-09-04 12:01:52 - websocket - ERROR - Connection to remote host was lost. - goodbye
[jvQuant WS] 连接已断开，重新连接...
[jvQuant WS] 已连接
[ws_daemon] 重连后恢复 L1 订阅 149 只
[ws_daemon] 重连后恢复 L2 订阅 149 只
[ws_daemon] 收盘(1500), 休眠 66.4h 到 09-07 09:25
2026-09-04 16:01:52 - websocket_client - ERROR - Connection to remote host was lost.
2026-09-04 16:01:52 - websocket - ERROR - Connection to remote host was lost. - goodbye
[jvQuant WS] 连接已断开，重新连接...
[jvQuant WS] 已连接
[ws_daemon] 重连后恢复 L1 订阅 14 只
[ws_daemon] 重连后恢复 L2 订阅 14 只
[jvQuant WS] 飞书报警已发送: 52.2元
[ws_daemon] L1新增订阅 226 只
2026-09-07 12:01:52 - websocket_client - ERROR - Connection to remote host was lost.
2026-09-07 12:01:52 - websocket - ERROR - Connection to remote host was lost. - goodbye
[jvQuant WS] 连接已断开，重新连接...
[jvQuant WS] 已连接
[ws_daemon] 重连后恢复 L1 订阅 230 只
[ws_daemon] 重连后恢复 L2 订阅 230 只
[ws_daemon] 收盘(1500), 休眠 18.4h 到 09-08 09:25
2026-09-07 16:01:52 - websocket_client - ERROR - Connection to remote host was lost.
2026-09-07 16:01:52 - websocket - ERROR - Connection to remote host was lost. - goodbye
[jvQuant WS] 连接已断开，重新连接...
[jvQuant WS] 已连接
[ws_daemon] 重连后恢复 L1 订阅 16 只
[ws_daemon] 重连后恢复 L2 订阅 16 只
[ws_daemon] L1新增订阅 140 只
2026-09-08 12:01:52 - websocket_client - ERROR - Connection to remote host was lost.
2026-09-08 12:01:52 - websocket - ERROR - Connection to remote host was lost. - goodbye
[jvQuant WS] 连接已断开，重新连接...
[jvQuant WS] 已连接
[ws_daemon] 重连后恢复 L1 订阅 148 只
[ws_daemon] 重连后恢复 L2 订阅 148 只
[ws_daemon] 收盘(1500), 休眠 18.4h 到 09-09 09:25
2026-09-08 16:01:52 - websocket_client - ERROR - Connection to remote host was lost.
2026-09-08 16:01:52 - websocket - ERROR - Connection to remote host was lost. - goodbye
[jvQuant WS] 连接已断开，重新连接...
[jvQuant WS] 已连接
[ws_daemon] 重连后恢复 L1 订阅 15 只
[ws_daemon] 重连后恢复 L2 订阅 15 只
[ws_daemon] L1新增订阅 136 只
2026-09-09 12:01:52 - websocket_client - ERROR - Connection to remote host was lost.
2026-09-09 12:01:52 - websocket - ERROR - Connection to remote host was lost. - goodbye
[jvQuant WS] 连接已断开，重新连接...
[jvQuant WS] 已连接
[ws_daemon] 重连后恢复 L1 订阅 139 只
[ws_daemon] 重连后恢复 L2 订阅 139 只
[ws_daemon] L1新增订阅 3 只
[ws_daemon] L1新增订阅 1 只
[ws_daemon] 收盘(1500), 休眠 18.4h 到 09-10 09:25
2026-09-09 16:01:51 - websocket_client - ERROR - Connection to remote host was lost.
2026-09-09 16:01:51 - websocket - ERROR - Connection to remote host was lost. - goodbye
[jvQuant WS] 连接已断开，重新连接...
[jvQuant WS] 已连接
[ws_daemon] 重连后恢复 L1 订阅 15 只
[ws_daemon] 重连后恢复 L2 订阅 15 只
[jvQuant WS] 飞书报警已发送: 51.3元
[ws_daemon] L1新增订阅 156 只
[ws_daemon] L1新增订阅 3 只
[ws_daemon] L1新增订阅 4 只
[ws_daemon] L1新增订阅 3 只
[ws_daemon] L1新增订阅 1 只
[ws_daemon] L1新增订阅 1 只
[ws_daemon] L1新增订阅 3 只
[ws_daemon] L1新增订阅 1 只
[ws_daemon] L1新增订阅 3 只
[ws_daemon] L1新增订阅 1 只
[ws_daemon] L1新增订阅 1 只
[ws_daemon] L1新增订阅 1 只
2026-09-10 12:01:52 - websocket_client - ERROR - Connection to remote host was lost.
2026-09-10 12:01:52 - websocket - ERROR - Connection to remote host was lost. - goodbye
[jvQuant WS] 连接已断开，重新连接...
[jvQuant WS] 已连接
[ws_daemon] 重连后恢复 L1 订阅 170 只
[ws_daemon] 重连后恢复 L2 订阅 170 只
[ws_daemon] 收盘(1500), 休眠 18.4h 到 09-11 09:25
2026-09-10 16:01:51 - websocket_client - ERROR - Connection to remote host was lost.
2026-09-10 16:01:51 - websocket - ERROR - Connection to remote host was lost. - goodbye
[jvQuant WS] 连接已断开，重新连接...
[jvQuant WS] 已连接
[ws_daemon] 重连后恢复 L1 订阅 7 只
[ws_daemon] 重连后恢复 L2 订阅 7 只
2026-09-11 12:01:51 - websocket_client - ERROR - Connection to remote host was lost.
2026-09-11 12:01:51 - websocket - ERROR - Connection to remote host was lost. - goodbye
[jvQuant WS] 连接已断开，重新连接...
[jvQuant WS] 已连接
[ws_daemon] 重连后恢复 L1 订阅 7 只
[ws_daemon] 重连后恢复 L2 订阅 7 只
[ws_daemon] 收盘(1500), 休眠 66.4h 到 09-14 09:25
2026-09-11 16:01:51 - websocket_client - ERROR - Connection to remote host was lost.
2026-09-11 16:01:51 - websocket - ERROR - Connection to remote host was lost. - goodbye
[jvQuant WS] 连接已断开，重新连接...
[jvQuant WS] 已连接
[ws_daemon] 重连后恢复 L1 订阅 7 只
[ws_daemon] 重连后恢复 L2 订阅 7 只
2026-09-14 12:01:51 - websocket_client - ERROR - Connection to remote host was lost.
2026-09-14 12:01:51 - websocket - ERROR - Connection to remote host was lost. - goodbye
[jvQuant WS] 连接已断开，重新连接...
[jvQuant WS] 已连接
[ws_daemon] 重连后恢复 L1 订阅 7 只
[ws_daemon] 重连后恢复 L2 订阅 7 只
[ws_daemon] 收盘(1500), 休眠 18.4h 到 09-15 09:25
2026-09-14 16:01:52 - websocket_client - ERROR - Connection to remote host was lost.
2026-09-14 16:01:52 - websocket - ERROR - Connection to remote host was lost. - goodbye
